Archive member included to satisfy reference by file (symbol)

/usr/lib/gcc/arm-none-eabi/13.2.1/thumb/v6-m/nofp/libgcc.a(_dvmd_tls.o)
                              CMakeFiles/Aditboard.dir/home/kali/Desktop/Mnr/pico/pico-sdk/src/rp2_common/pico_divider/divider_hardware.S.obj (__aeabi_idiv0)
/usr/lib/gcc/arm-none-eabi/13.2.1/../../../arm-none-eabi/lib/thumb/v6-m/nofp/libg.a(libc_a-calloc.o)
                              CMakeFiles/Aditboard.dir/home/kali/Desktop/Mnr/pico/pico-sdk/src/rp2_common/pico_malloc/malloc.c.obj (calloc)
/usr/lib/gcc/arm-none-eabi/13.2.1/../../../arm-none-eabi/lib/thumb/v6-m/nofp/libg.a(libc_a-impure.o)
                              /usr/lib/gcc/arm-none-eabi/13.2.1/../../../arm-none-eabi/lib/thumb/v6-m/nofp/libg.a(libc_a-calloc.o) (_impure_ptr)
/usr/lib/gcc/arm-none-eabi/13.2.1/../../../arm-none-eabi/lib/thumb/v6-m/nofp/libg.a(libc_a-callocr.o)
                              /usr/lib/gcc/arm-none-eabi/13.2.1/../../../arm-none-eabi/lib/thumb/v6-m/nofp/libg.a(libc_a-calloc.o) (_calloc_r)
/usr/lib/gcc/arm-none-eabi/13.2.1/../../../arm-none-eabi/lib/thumb/v6-m/nofp/libg.a(libc_a-realloc.o)
                              CMakeFiles/Aditboard.dir/home/kali/Desktop/Mnr/pico/pico-sdk/src/rp2_common/pico_malloc/malloc.c.obj (realloc)
/usr/lib/gcc/arm-none-eabi/13.2.1/../../../arm-none-eabi/lib/thumb/v6-m/nofp/libg.a(libc_a-mallocr.o)
                              /usr/lib/gcc/arm-none-eabi/13.2.1/../../../arm-none-eabi/lib/thumb/v6-m/nofp/libg.a(libc_a-callocr.o) (_malloc_r)
/usr/lib/gcc/arm-none-eabi/13.2.1/../../../arm-none-eabi/lib/thumb/v6-m/nofp/libg.a(libc_a-freer.o)
                              /usr/lib/gcc/arm-none-eabi/13.2.1/../../../arm-none-eabi/lib/thumb/v6-m/nofp/libg.a(libc_a-mallocr.o) (_free_r)
/usr/lib/gcc/arm-none-eabi/13.2.1/../../../arm-none-eabi/lib/thumb/v6-m/nofp/libg.a(libc_a-memcmp.o)
                              CMakeFiles/Aditboard.dir/home/kali/Desktop/Mnr/pico/pico-sdk/src/rp2_common/pico_atomic/atomic.c.obj (memcmp)
/usr/lib/gcc/arm-none-eabi/13.2.1/../../../arm-none-eabi/lib/thumb/v6-m/nofp/libg.a(libc_a-malloc.o)
                              CMakeFiles/Aditboard.dir/home/kali/Desktop/Mnr/pico/pico-sdk/src/rp2_common/pico_malloc/malloc.c.obj (malloc)
/usr/lib/gcc/arm-none-eabi/13.2.1/../../../arm-none-eabi/lib/thumb/v6-m/nofp/libg.a(libc_a-sysconf.o)
                              /usr/lib/gcc/arm-none-eabi/13.2.1/../../../arm-none-eabi/lib/thumb/v6-m/nofp/libg.a(libc_a-mallocr.o) (sysconf)
/usr/lib/gcc/arm-none-eabi/13.2.1/../../../arm-none-eabi/lib/thumb/v6-m/nofp/libg.a(libc_a-init.o)
                              /usr/lib/gcc/arm-none-eabi/13.2.1/../../../arm-none-eabi/lib/thumb/v6-m/nofp/crt0.o (__libc_init_array)
/usr/lib/gcc/arm-none-eabi/13.2.1/../../../arm-none-eabi/lib/thumb/v6-m/nofp/libg.a(libc_a-reallocr.o)
                              /usr/lib/gcc/arm-none-eabi/13.2.1/../../../arm-none-eabi/lib/thumb/v6-m/nofp/libg.a(libc_a-realloc.o) (_realloc_r)
/usr/lib/gcc/arm-none-eabi/13.2.1/../../../arm-none-eabi/lib/thumb/v6-m/nofp/libg.a(libc_a-mktime.o)
                              CMakeFiles/Aditboard.dir/home/kali/Desktop/Mnr/pico/pico-sdk/src/common/pico_util/datetime.c.obj (mktime)
/usr/lib/gcc/arm-none-eabi/13.2.1/../../../arm-none-eabi/lib/thumb/v6-m/nofp/libg.a(libc_a-mlock.o)
                              /usr/lib/gcc/arm-none-eabi/13.2.1/../../../arm-none-eabi/lib/thumb/v6-m/nofp/libg.a(libc_a-mallocr.o) (__malloc_lock)
/usr/lib/gcc/arm-none-eabi/13.2.1/../../../arm-none-eabi/lib/thumb/v6-m/nofp/libg.a(libc_a-findfp.o)
                              /usr/lib/gcc/arm-none-eabi/13.2.1/../../../arm-none-eabi/lib/thumb/v6-m/nofp/libg.a(libc_a-impure.o) (__sf)
/usr/lib/gcc/arm-none-eabi/13.2.1/../../../arm-none-eabi/lib/thumb/v6-m/nofp/libg.a(libc_a-tzlock.o)
                              /usr/lib/gcc/arm-none-eabi/13.2.1/../../../arm-none-eabi/lib/thumb/v6-m/nofp/libg.a(libc_a-mktime.o) (__tz_lock)
/usr/lib/gcc/arm-none-eabi/13.2.1/../../../arm-none-eabi/lib/thumb/v6-m/nofp/libg.a(libc_a-atexit.o)
                              /usr/lib/gcc/arm-none-eabi/13.2.1/../../../arm-none-eabi/lib/thumb/v6-m/nofp/crt0.o (atexit)
/usr/lib/gcc/arm-none-eabi/13.2.1/../../../arm-none-eabi/lib/thumb/v6-m/nofp/libg.a(libc_a-lcltime_r.o)
                              CMakeFiles/Aditboard.dir/home/kali/Desktop/Mnr/pico/pico-sdk/src/common/pico_util/datetime.c.obj (localtime_r)
/usr/lib/gcc/arm-none-eabi/13.2.1/../../../arm-none-eabi/lib/thumb/v6-m/nofp/libg.a(libc_a-strlen-stub.o)
                              CMakeFiles/Aditboard.dir/home/kali/Desktop/Mnr/pico/pico-sdk/src/rp2_common/pico_stdio/stdio.c.obj (strlen)
/usr/lib/gcc/arm-none-eabi/13.2.1/../../../arm-none-eabi/lib/thumb/v6-m/nofp/libg.a(libc_a-sbrkr.o)
                              /usr/lib/gcc/arm-none-eabi/13.2.1/../../../arm-none-eabi/lib/thumb/v6-m/nofp/libg.a(libc_a-mallocr.o) (_sbrk_r)
/usr/lib/gcc/arm-none-eabi/13.2.1/../../../arm-none-eabi/lib/thumb/v6-m/nofp/libg.a(libc_a-fini.o)
[...]
Memory Configuration

Name             Origin             Length             Attributes
FLASH            0x10000000         0x00200000         xr
RAM              0x20000000         0x00040000         xrw
SCRATCH_X        0x20040000         0x00001000         xrw
SCRATCH_Y        0x20041000         0x00001000         xrw
*default*        0x00000000         0xffffffff

Linker script and memory map

LOAD /usr/lib/gcc/arm-none-eabi/13.2.1/thumb/v6-m/nofp/crti.o
LOAD /usr/lib/gcc/arm-none-eabi/13.2.1/thumb/v6-m/nofp/crtbegin.o
LOAD /usr/lib/gcc/arm-none-eabi/13.2.1/../../../arm-none-eabi/lib/thumb/v6-m/nofp/crt0.o

.flash_begin    0x10000000        0x0
                0x10000000                        __flash_binary_start = .

.boot2          0x10000000      0x100
                0x10000000                        __boot2_start__ = .
 *(.boot2)
 .boot2         0x10000000      0x100 /tmp/ccK94Vba.o
                0x10000100                        __boot2_end__ = .
                0x00000001                        ASSERT (((__boot2_end__ - __boot2_start__) == 0x100), ERROR: Pico second stage bootloader must be 256 bytes in size)

.text           0x10000100     0x9efc
                0x10000100                        __logical_binary_start = .
 *(.vectors)
 .vectors       0x10000100       0xd4 CMakeFiles/Aditboard.dir/home/kali/Desktop/Mnr/pico/pico-sdk/src/rp2_common/pico_crt0/crt0.S.obj
                0x10000100                __vectors
                0x10000100                __VECTOR_TABLE
                0x100001c0                isr_invalid
                0x100001c0                __default_isrs_start
                0x100001c2                isr_nmi
                0x100001c4                isr_hardfault
                0x100001c6                isr_svcall
                0x100001c8                isr_pendsv
                0x100001ca                isr_systick
                0x100001cc                isr_irq30
                0x100001cc                __unhandled_user_irq
                0x100001cc                isr_irq13
                0x100001cc                isr_irq27
                0x100001cc                isr_irq31
                0x100001cc                isr_irq5
                0x100001cc                isr_irq11
                0x100001cc                isr_irq23
                0x100001cc                isr_irq18
                0x100001cc                isr_irq28
                0x100001cc                isr_irq19
                0x100001cc                isr_irq0
                0x100001cc                isr_irq6
                0x100001cc                isr_irq22
                0x100001cc                isr_irq17
                0x100001cc                isr_irq14
                0x100001cc                isr_irq2
                0x100001cc                isr_irq10
                0x100001cc                isr_irq8
                0x100001cc                isr_irq24
                0x100001cc                isr_irq1
                0x100001cc                isr_irq7
                0x100001cc                isr_irq21
                0x100001cc                isr_irq20
                0x100001cc                isr_irq15
                0x100001cc                isr_irq25
                0x100001cc                isr_irq4
                0x100001cc                isr_irq16
                0x100001cc                isr_irq29
                0x100001cc                isr_irq26
                0x100001cc                __default_isrs_end
                0x100001cc                isr_irq3
                0x100001cc                isr_irq12
                0x100001cc                isr_irq9
                0x100001d2                unhandled_user_irq_num_in_r0
 *(.binary_info_header)
 .binary_info_header
                0x100001d4       0x14 CMakeFiles/Aditboard.dir/home/kali/Desktop/Mnr/pico/pico-sdk/src/rp2_common/pico_crt0/crt0.S.obj
                0x100001e8                        __binary_info_header_end = .
 *(.embedded_block)
                0x100001e8                        __embedded_block_end = .
 *(.reset)
 .reset         0x100001e8       0x9c CMakeFiles/Aditboard.dir/home/kali/Desktop/Mnr/pico/pico-sdk/src/rp2_common/pico_crt0/crt0.S.obj
                0x100001e8                _entry_point
 *(.init)
 .init          0x10000284        0x4 /usr/lib/gcc/arm-none-eabi/13.2.1/thumb/v6-m/nofp/crti.o
                0x10000284                _init
 *(EXCLUDE_FILE(*libm.a: *libc.a:*lib_a-mem*.o *libgcc.a:) .text*)
 .text          0x10000288       0x98 /usr/lib/gcc/arm-none-eabi/13.2.1/thumb/v6-m/nofp/crtbegin.o
 .text.LED_Task
                0x10000320       0x28 CMakeFiles/Aditboard.dir/src/main.c.obj
 .text.AsyncSerial_Task
                0x10000348      0x114 CMakeFiles/Aditboard.dir/src/main.c.obj
 .text.vApplicationStackOverflowHook
                0x1000045c        0xc CMakeFiles/Aditboard.dir/src/main.c.obj
                0x1000045c                vApplicationStackOverflowHook
 .text.vApplicationMallocFailedHook
                0x10000468        0xc CMakeFiles/Aditboard.dir/src/main.c.obj
                0x10000468                vApplicationMallocFailedHook
 .text.startup.main
                0x10000474       0x5c CMakeFiles/Aditboard.dir/src/main.c.obj
                0x10000474                main
 .text.gpio_set_function
                0x100004d0       0x34 CMakeFiles/Aditboard.dir/home/kali/Desktop/Mnr/pico/pico-sdk/src/rp2_common/hardware_gpio/gpio.c.obj
                0x100004d0                gpio_set_function
 .text.gpio_set_pulls
                0x10000504       0x28 CMakeFiles/Aditboard.dir/home/kali/Desktop/Mnr/pico/pico-sdk/src/rp2_common/hardware_gpio/gpio.c.obj
                0x10000504                gpio_set_pulls
 .text.gpio_init
                0x1000052c       0x40 CMakeFiles/Aditboard.dir/home/kali/Desktop/Mnr/pico/pico-sdk/src/rp2_common/hardware_gpio/gpio.c.obj
                0x1000052c                gpio_init
 .text.rp2040_chip_version
                0x1000056c        0xc CMakeFiles/Aditboard.dir/home/kali/Desktop/Mnr/pico/pico-sdk/src/rp2040/pico_platform/platform.c.obj
                0x1000056c                rp2040_chip_version
 .text.panic    0x10000578       0x30 CMakeFiles/Aditboard.dir/home/kali/Desktop/Mnr/pico/pico-sdk/src/rp2_common/pico_platform_panic/panic.c.obj
                0x10000578                panic
 .text.panic_unsupported
                0x100005a8        0xc CMakeFiles/Aditboard.dir/home/kali/Desktop/Mnr/pico/pico-sdk/src/rp2_common/pico_platform_panic/panic.c.obj
                0x100005a8                panic_unsupported
 .text.hw_claim_lock
                0x100005b4       0x18 CMakeFiles/Aditboard.dir/home/kali/Desktop/Mnr/pico/pico-sdk/src/common/hardware_claim/claim.c.obj
                0x100005b4                hw_claim_lock
 .text.hw_claim_unlock
                0x100005cc       0x14 CMakeFiles/Aditboard.dir/home/kali/Desktop/Mnr/pico/pico-sdk/src/common/hardware_claim/claim.c.obj
                0x100005cc                hw_claim_unlock
 .text.hw_claim_or_assert
                0x100005e0       0x44 CMakeFiles/Aditboard.dir/home/kali/Desktop/Mnr/pico/pico-sdk/src/common/hardware_claim/claim.c.obj
                0x100005e0                hw_claim_or_assert
 .text.hw_claim_unused_from_range
                0x10000624       0x9c CMakeFiles/Aditboard.dir/home/kali/Desktop/Mnr/pico/pico-sdk/src/common/hardware_claim/claim.c.obj
                0x10000624                hw_claim_unused_from_range
 .text.next_striped_spin_lock_num
                0x100006c0       0x18 CMakeFiles/Aditboard.dir/home/kali/Desktop/Mnr/pico/pico-sdk/src/rp2_common/hardware_sync/sync.c.obj
                0x100006c0                next_striped_spin_lock_num
 .text.spin_lock_claim
                0x100006d8       0x18 CMakeFiles/Aditboard.dir/home/kali/Desktop/Mnr/pico/pico-sdk/src/rp2_common/hardware_sync/sync.c.obj
                0x100006d8                spin_lock_claim
 .text.spin_lock_claim_unused
                0x100006f0       0x24 CMakeFiles/Aditboard.dir/home/kali/Desktop/Mnr/pico/pico-sdk/src/rp2_common/hardware_sync/sync.c.obj
                0x100006f0                spin_lock_claim_unused
 .text.spin_locks_reset
                0x10000714       0x1c CMakeFiles/Aditboard.dir/home/kali/Desktop/Mnr/pico/pico-sdk/src/rp2_common/hardware_sync_spin_lock/sync_spin_lock.c.obj
                0x10000714                spin_locks_reset
 .text.runtime_init_per_core_irq_priorities
                0x10000730       0x24 CMakeFiles/Aditboard.dir/home/kali/Desktop/Mnr/pico/pico-sdk/src/rp2_common/hardware_irq/irq.c.obj
                0x10000730                runtime_init_per_core_irq_priorities
 .text.irq_set_enabled
                0x10000754       0x24 CMakeFiles/Aditboard.dir/home/kali/Desktop/Mnr/pico/pico-sdk/src/rp2_common/hardware_irq/irq.c.obj
                0x10000754                irq_set_enabled
 .text.irq_is_enabled
                0x10000778       0x18 CMakeFiles/Aditboard.dir/home/kali/Desktop/Mnr/pico/pico-sdk/src/rp2_common/hardware_irq/irq.c.obj
                0x10000778                irq_is_enabled
 .text.irq_set_pending
                0x10000790       0x10 CMakeFiles/Aditboard.dir/home/kali/Desktop/Mnr/pico/pico-sdk/src/rp2_common/hardware_irq/irq.c.obj
                0x10000790                irq_set_pending
 .text.irq_has_shared_handler
                0x100007a0       0x2c CMakeFiles/Aditboard.dir/home/kali/Desktop/Mnr/pico/pico-sdk/src/rp2_common/hardware_irq/irq.c.obj
                0x100007a0                irq_has_shared_handler
 .text.irq_set_exclusive_handler
                0x100007cc       0x54 CMakeFiles/Aditboard.dir/home/kali/Desktop/Mnr/pico/pico-sdk/src/rp2_common/hardware_irq/irq.c.obj
                0x100007cc                irq_set_exclusive_handler
 .text.irq_add_shared_handler
                0x10000820      0x1f4 CMakeFiles/Aditboard.dir/home/kali/Desktop/Mnr/pico/pico-sdk/src/rp2_common/hardware_irq/irq.c.obj
                0x10000820                irq_add_shared_handler
 .text.irq_remove_handler
                0x10000a14      0x1d4 CMakeFiles/Aditboard.dir/home/kali/Desktop/Mnr/pico/pico-sdk/src/rp2_common/hardware_irq/irq.c.obj
                0x10000a14                irq_remove_handler
 .text.irq_set_priority
                0x10000be8       0x28 CMakeFiles/Aditboard.dir/home/kali/Desktop/Mnr/pico/pico-sdk/src/rp2_common/hardware_irq/irq.c.obj
                0x10000be8                irq_set_priority
 .text.irq_add_tail_to_free_list
                0x10000c10       0xb4 CMakeFiles/Aditboard.dir/home/kali/Desktop/Mnr/pico/pico-sdk/src/rp2_common/hardware_irq/irq.c.obj
                0x10000c10                irq_add_tail_to_free_list
 .text.user_irq_claim_unused
                0x10000cc4       0x2c CMakeFiles/Aditboard.dir/home/kali/Desktop/Mnr/pico/pico-sdk/src/rp2_common/hardware_irq/irq.c.obj
                0x10000cc4                user_irq_claim_unused
 .text.lock_init
                0x10000cf0       0x10 CMakeFiles/Aditboard.dir/home/kali/Desktop/Mnr/pico/pico-sdk/src/common/pico_sync/lock_core.c.obj
                0x10000cf0                lock_init
 .text.runtime_init_mutex
                0x10000d00       0x54 CMakeFiles/Aditboard.dir/home/kali/Desktop/Mnr/pico/pico-sdk/src/common/pico_sync/mutex.c.obj
                0x10000d00                runtime_init_mutex
 .text.mutex_init
                0x10000d54       0x1c CMakeFiles/Aditboard.dir/home/kali/Desktop/Mnr/pico/pico-sdk/src/common/pico_sync/mutex.c.obj
                0x10000d54                mutex_init
 .text.critical_section_init
                0x10000d70       0x1c CMakeFiles/Aditboard.dir/home/kali/Desktop/Mnr/pico/pico-sdk/src/common/pico_sync/critical_section.c.obj
                0x10000d70                critical_section_init
 .text.critical_section_init_with_lock_num
                0x10000d8c       0x14 CMakeFiles/Aditboard.dir/home/kali/Desktop/Mnr/pico/pico-sdk/src/common/pico_sync/critical_section.c.obj
                0x10000d8c                critical_section_init_with_lock_num
 .text.alarm_pool_irq_handler
                0x10000da0      0x2e4 CMakeFiles/Aditboard.dir/home/kali/Desktop/Mnr/pico/pico-sdk/src/common/pico_time/time.c.obj
 .text.sleep_until_callback
                0x10001084       0x24 CMakeFiles/Aditboard.dir/home/kali/Desktop/Mnr/pico/pico-sdk/src/common/pico_time/time.c.obj
 .text.runtime_init_default_alarm_pool
                0x100010a8       0xdc CMakeFiles/Aditboard.dir/home/kali/Desktop/Mnr/pico/pico-sdk/src/common/pico_time/time.c.obj
                0x100010a8                runtime_init_default_alarm_pool
 .text.alarm_pool_get_default
                0x10001184        0x8 CMakeFiles/Aditboard.dir/home/kali/Desktop/Mnr/pico/pico-sdk/src/common/pico_time/time.c.obj
                0x10001184                alarm_pool_get_default
 .text.alarm_pool_add_alarm_at
                0x1000118c       0xd4 CMakeFiles/Aditboard.dir/home/kali/Desktop/Mnr/pico/pico-sdk/src/common/pico_time/time.c.obj
                0x1000118c                alarm_pool_add_alarm_at
 .text.alarm_pool_cancel_alarm
                0x10001260       0x74 CMakeFiles/Aditboard.dir/home/kali/Desktop/Mnr/pico/pico-sdk/src/common/pico_time/time.c.obj
                0x10001260                alarm_pool_cancel_alarm
 .text.alarm_pool_core_num
                0x100012d4        0x4 CMakeFiles/Aditboard.dir/home/kali/Desktop/Mnr/pico/pico-sdk/src/common/pico_time/time.c.obj
                0x100012d4                alarm_pool_core_num
 .text.best_effort_wfe_or_timeout
                0x100012d8      0x134 CMakeFiles/Aditboard.dir/home/kali/Desktop/Mnr/pico/pico-sdk/src/common/pico_time/time.c.obj
                0x100012d8                best_effort_wfe_or_timeout
 .text.timer_hardware_alarm_claim
                0x1000140c       0x14 CMakeFiles/Aditboard.dir/home/kali/Desktop/Mnr/pico/pico-sdk/src/rp2_common/hardware_timer/timer.c.obj
                0x1000140c                timer_hardware_alarm_claim
 .text.timer_time_us_64
                0x10001420       0x10 CMakeFiles/Aditboard.dir/home/kali/Desktop/Mnr/pico/pico-sdk/src/rp2_common/hardware_timer/timer.c.obj
                0x10001420                timer_time_us_64
 .text.time_us_64
                0x10001430       0x14 CMakeFiles/Aditboard.dir/home/kali/Desktop/Mnr/pico/pico-sdk/src/rp2_common/hardware_timer/timer.c.obj
                0x10001430                time_us_64
 .text.busy_wait_us
                0x10001444       0x68 CMakeFiles/Aditboard.dir/home/kali/Desktop/Mnr/pico/pico-sdk/src/rp2_common/hardware_timer/timer.c.obj
                0x10001444                busy_wait_us
 .text.uart_init
                0x100014ac      0x120 CMakeFiles/Aditboard.dir/home/kali/Desktop/Mnr/pico/pico-sdk/src/rp2_common/hardware_uart/uart.c.obj
                0x100014ac                uart_init
 .text.clock_configure_int_divider
                0x100015cc       0xf4 CMakeFiles/Aditboard.dir/home/kali/Desktop/Mnr/pico/pico-sdk/src/rp2_common/hardware_clocks/clocks.c.obj
                0x100015cc                clock_configure_int_divider
 .text.clock_configure_undivided
                0x100016c0       0xe8 CMakeFiles/Aditboard.dir/home/kali/Desktop/Mnr/pico/pico-sdk/src/rp2_common/hardware_clocks/clocks.c.obj
                0x100016c0                clock_configure_undivided
 .text.clock_get_hz
                0x100017a8        0xc CMakeFiles/Aditboard.dir/home/kali/Desktop/Mnr/pico/pico-sdk/src/rp2_common/hardware_clocks/clocks.c.obj
                0x100017a8                clock_get_hz
 .text.pll_init
                0x100017b4       0xa4 CMakeFiles/Aditboard.dir/home/kali/Desktop/Mnr/pico/pico-sdk/src/rp2_common/hardware_pll/pll.c.obj
                0x100017b4                pll_init
 .text.watchdog_reboot
                0x10001858       0x9c CMakeFiles/Aditboard.dir/home/kali/Desktop/Mnr/pico/pico-sdk/src/rp2_common/hardware_watchdog/watchdog.c.obj
                0x10001858                watchdog_reboot
 .text.tick_start
                0x100018f4       0x10 CMakeFiles/Aditboard.dir/home/kali/Desktop/Mnr/pico/pico-sdk/src/rp2_common/hardware_ticks/ticks.c.obj
                0x100018f4                tick_start
 .text.xosc_init
                0x10001904       0x28 CMakeFiles/Aditboard.dir/home/kali/Desktop/Mnr/pico/pico-sdk/src/rp2_common/hardware_xosc/xosc.c.obj
                0x10001904                xosc_init
 .text.first_per_core_initializer
                0x1000192c        0x4 CMakeFiles/Aditboard.dir/home/kali/Desktop/Mnr/pico/pico-sdk/src/rp2_common/pico_runtime/runtime.c.obj
 .text.hard_assertion_failure
                0x10001930        0xc CMakeFiles/Aditboard.dir/home/kali/Desktop/Mnr/pico/pico-sdk/src/rp2_common/pico_runtime/runtime.c.obj
                0x10001930                hard_assertion_failure
 .text.runtime_run_initializers
                0x1000193c       0x28 CMakeFiles/Aditboard.dir/home/kali/Desktop/Mnr/pico/pico-sdk/src/rp2_common/pico_runtime/runtime.c.obj
                0x1000193c                runtime_run_initializers
 .text.runtime_run_per_core_initializers
                0x10001964       0x28 CMakeFiles/Aditboard.dir/home/kali/Desktop/Mnr/pico/pico-sdk/src/rp2_common/pico_runtime/runtime.c.obj
                0x10001964                runtime_run_per_core_initializers
 .text.runtime_init_early_resets
                0x1000198c       0x2c CMakeFiles/Aditboard.dir/home/kali/Desktop/Mnr/pico/pico-sdk/src/rp2_common/pico_runtime_init/runtime_init.c.obj
                0x1000198c                runtime_init_early_resets
 .text.runtime_init_usb_power_down
                0x100019b8       0x1c CMakeFiles/Aditboard.dir/home/kali/Desktop/Mnr/pico/pico-sdk/src/rp2_common/pico_runtime_init/runtime_init.c.obj
                0x100019b8                runtime_init_usb_power_down
 .text.runtime_init_post_clock_resets
                0x100019d4       0x20 CMakeFiles/Aditboard.dir/home/kali/Desktop/Mnr/pico/pico-sdk/src/rp2_common/pico_runtime_init/runtime_init.c.obj
                0x100019d4                runtime_init_post_clock_resets
 .text.runtime_init_rp2040_gpio_ie_disable
                0x100019f4       0x14 CMakeFiles/Aditboard.dir/home/kali/Desktop/Mnr/pico/pico-sdk/src/rp2_common/pico_runtime_init/runtime_init.c.obj
                0x100019f4                runtime_init_rp2040_gpio_ie_disable
 .text.runtime_init_spin_locks_reset
                0x10001a08        0x8 CMakeFiles/Aditboard.dir/home/kali/Desktop/Mnr/pico/pico-sdk/src/rp2_common/pico_runtime_init/runtime_init.c.obj
                0x10001a08                runtime_init_spin_locks_reset
 .text.runtime_init_install_ram_vector_table
                0x10001a10       0x1c CMakeFiles/Aditboard.dir/home/kali/Desktop/Mnr/pico/pico-sdk/src/rp2_common/pico_runtime_init/runtime_init.c.obj
                0x10001a10                runtime_init_install_ram_vector_table
 .text.runtime_init_clocks
                0x10001a2c       0xd8 CMakeFiles/Aditboard.dir/home/kali/Desktop/Mnr/pico/pico-sdk/src/rp2_common/pico_runtime_init/runtime_init_clocks.c.obj
                0x10001a2c                runtime_init_clocks
 .text          0x10001b04       0x10 CMakeFiles/Aditboard.dir/home/kali/Desktop/Mnr/pico/pico-sdk/src/rp2_common/pico_bit_ops/bit_ops_aeabi.S.obj
 .text.rom_func_lookup
                0x10001b14       0x10 CMakeFiles/Aditboard.dir/home/kali/Desktop/Mnr/pico/pico-sdk/src/rp2_common/pico_bootrom/bootrom.c.obj
                0x10001b14                rom_func_lookup
 .text.rom_data_lookup
                0x10001b24       0x10 CMakeFiles/Aditboard.dir/home/kali/Desktop/Mnr/pico/pico-sdk/src/rp2_common/pico_bootrom/bootrom.c.obj
                0x10001b24                rom_data_lookup
 .text.rom_funcs_lookup
                0x10001b34       0x44 CMakeFiles/Aditboard.dir/home/kali/Desktop/Mnr/pico/pico-sdk/src/rp2_common/pico_bootrom/bootrom.c.obj
                0x10001b34                rom_funcs_lookup
 .text.rom_reset_usb_boot
                0x10001b78       0x20 CMakeFiles/Aditboard.dir/home/kali/Desktop/Mnr/pico/pico-sdk/src/rp2_common/pico_bootrom/bootrom.c.obj
                0x10001b78                rom_reset_usb_boot
 .text.__wrap___aeabi_idiv
                0x10001b98       0x50 CMakeFiles/Aditboard.dir/home/kali/Desktop/Mnr/pico/pico-sdk/src/rp2_common/pico_divider/divider_hardware.S.obj
                0x10001b98                __wrap___aeabi_idivmod
                0x10001b98                divmod_s32s32
                0x10001b98                div_s32s32
                0x10001b98                __wrap___aeabi_idiv
                0x10001ba0                divmod_s32s32_unsafe
                0x10001bcc                divmod_s32s32_savestate
 .text.__wrap___aeabi_uidiv
                0x10001be8       0x4c CMakeFiles/Aditboard.dir/home/kali/Desktop/Mnr/pico/pico-sdk/src/rp2_common/pico_divider/divider_hardware.S.obj
                0x10001be8                __wrap___aeabi_uidiv
                0x10001be8                __wrap___aeabi_uidivmod
                0x10001be8                div_u32u32
                0x10001be8                divmod_u32u32
                0x10001bf0                divmod_u32u32_unsafe
                0x10001c18                divmod_u32u32_savestate
 .text.__wrap___aeabi_ldiv
                0x10001c34      0x424 CMakeFiles/Aditboard.dir/home/kali/Desktop/Mnr/pico/pico-sdk/src/rp2_common/pico_divider/divider_hardware.S.obj
                0x10001c34                div_s64s64
                0x10001c34                divmod_s64s64
                0x10001c34                __wrap___aeabi_ldivmod
                0x10001c64                div_u64u64
                0x10001c64                divmod_u64u64
                0x10001c64                __wrap___aeabi_uldivmod
                0x10001c74                divmod_u64u64_savestate
                0x10001c94                divmod_s64s64_unsafe
                0x10001d1c                divmod_u64u64_unsafe
 .text.__wrap___aeabi_darithmetic
                0x10002058       0x80 CMakeFiles/Aditboard.dir/home/kali/Desktop/Mnr/pico/pico-sdk/src/rp2_common/pico_double/double_aeabi_rp2040.S.obj
                0x10002058                __wrap___aeabi_drsub
                0x1000205e                __wrap___aeabi_dsub
                0x10002070                __wrap___aeabi_dadd
                0x10002082                __wrap___aeabi_ddiv
                0x100020be                __wrap___aeabi_dmul
 .text.__wrap___aeabi_cdcmple
                0x100020d8       0x6c CMakeFiles/Aditboard.dir/home/kali/Desktop/Mnr/pico/pico-sdk/src/rp2_common/pico_double/double_aeabi_rp2040.S.obj
                0x100020d8                __wrap___aeabi_cdrcmple
                0x100020e8                __wrap___aeabi_cdcmple
                0x100020e8                __wrap___aeabi_cdcmpeq
 .text.__wrap___aeabi_dcmplt
                0x10002144        0xc CMakeFiles/Aditboard.dir/home/kali/Desktop/Mnr/pico/pico-sdk/src/rp2_common/pico_double/double_aeabi_rp2040.S.obj
                0x10002144                __wrap___aeabi_dcmplt
 .text.__wrap___aeabi_dcmpge
                0x10002150       0x10 CMakeFiles/Aditboard.dir/home/kali/Desktop/Mnr/pico/pico-sdk/src/rp2_common/pico_double/double_aeabi_rp2040.S.obj
                0x10002150                __wrap___aeabi_dcmpge
 .text.__wrap___aeabi_dcmpgt
                0x10002160        0xa CMakeFiles/Aditboard.dir/home/kali/Desktop/Mnr/pico/pico-sdk/src/rp2_common/pico_double/double_aeabi_rp2040.S.obj
                0x10002160                __wrap___aeabi_dcmpgt
 .text.__wrap___aeabi_dcmpun
                0x1000216a       0x18 CMakeFiles/Aditboard.dir/home/kali/Desktop/Mnr/pico/pico-sdk/src/rp2_common/pico_double/double_aeabi_rp2040.S.obj
                0x1000216a                __wrap___aeabi_dcmpun
 *fill*         0x10002182        0x2 
 .text.__wrap___aeabi_i2d
                0x10002184       0x38 CMakeFiles/Aditboard.dir/home/kali/Desktop/Mnr/pico/pico-sdk/src/rp2_common/pico_double/double_aeabi_rp2040.S.obj
                0x10002184                __wrap___aeabi_ui2d
                0x1000218c                __wrap___aeabi_i2d
 .text.__wrap___aeabi_d2iz
                0x100021bc       0x48 CMakeFiles/Aditboard.dir/home/kali/Desktop/Mnr/pico/pico-sdk/src/rp2_common/pico_double/double_aeabi_rp2040.S.obj
                0x100021bc                __wrap___aeabi_d2iz
                0x100021bc                double2int_z
 .text.__wrap___aeabi_d2uiz
                0x10002204       0x18 CMakeFiles/Aditboard.dir/home/kali/Desktop/Mnr/pico/pico-sdk/src/rp2_common/pico_double/double_aeabi_rp2040.S.obj
                0x10002204                double2uint
                0x10002204                __wrap___aeabi_d2uiz
 .text.__aeabi_double_init
                0x1000221c       0xa4 CMakeFiles/Aditboard.dir/home/kali/Desktop/Mnr/pico/pico-sdk/src/rp2_common/pico_double/double_init_rom_rp2040.c.obj
                0x1000221c                __aeabi_double_init
 .text.double_table_shim_on_use_helper
                0x100022c0       0x2c CMakeFiles/Aditboard.dir/home/kali/Desktop/Mnr/pico/pico-sdk/src/rp2_common/pico_double/double_v1_rom_shim_rp2040.S.obj
                0x100022c0                double_table_shim_on_use_helper
 .text.__wrap___aeabi_dsub
                0x100022ec       0x10 CMakeFiles/Aditboard.dir/home/kali/Desktop/Mnr/pico/pico-sdk/src/rp2_common/pico_double/double_v1_rom_shim_rp2040.S.obj
                0x100022ec                drsub_shim
                0x100022f2                dsub_shim
 .text.dadd_shim
                0x100022fc      0x15c CMakeFiles/Aditboard.dir/home/kali/Desktop/Mnr/pico/pico-sdk/src/rp2_common/pico_double/double_v1_rom_shim_rp2040.S.obj
                0x100022fc                dadd_shim
 .text.dmul_shim
                0x10002458      0x15c CMakeFiles/Aditboard.dir/home/kali/Desktop/Mnr/pico/pico-sdk/src/rp2_common/pico_double/double_v1_rom_shim_rp2040.S.obj
                0x10002458                dmul_shim
 .text.ddiv_shim
                0x100025b4      0x1b0 CMakeFiles/Aditboard.dir/home/kali/Desktop/Mnr/pico/pico-sdk/src/rp2_common/pico_double/double_v1_rom_shim_rp2040.S.obj
                0x100025b4                ddiv_shim
 .text.double2uint_shim
                0x10002764        0xe CMakeFiles/Aditboard.dir/home/kali/Desktop/Mnr/pico/pico-sdk/src/rp2_common/pico_double/double_v1_rom_shim_rp2040.S.obj
                0x10002764                double2uint_shim
                0x10002766                double2ufix_shim
 *fill*         0x10002772        0x2 
 .text.double2uint64_shim
                0x10002774       0x70 CMakeFiles/Aditboard.dir/home/kali/Desktop/Mnr/pico/pico-sdk/src/rp2_common/pico_double/double_v1_rom_shim_rp2040.S.obj
                0x10002774                double2uint64_shim
                0x10002776                double2ufix64_shim
                0x10002796                d2fix_a
 .text.dunpacks
                0x100027e4       0x3c CMakeFiles/Aditboard.dir/home/kali/Desktop/Mnr/pico/pico-sdk/src/rp2_common/pico_double/double_v1_rom_shim_rp2040.S.obj
                0x100027e4                dunpacks
 .text.__aeabi_lmul
                0x10002820       0x32 CMakeFiles/Aditboard.dir/home/kali/Desktop/Mnr/pico/pico-sdk/src/rp2_common/pico_int64_ops/pico_int64_ops_aeabi.S.obj
                0x10002820                __wrap___aeabi_lmul
 *fill*         0x10002852        0x2 
 .text.__wrap___aeabi_farithmetic
                0x10002854       0x48 CMakeFiles/Aditboard.dir/home/kali/Desktop/Mnr/pico/pico-sdk/src/rp2_common/pico_float/float_aeabi_rp2040.S.obj
                0x10002854                __wrap___aeabi_frsub
                0x1000285a                __wrap___aeabi_fsub
                0x10002860                __wrap___aeabi_fadd
                0x10002866                __wrap___aeabi_fdiv
                0x1000288e                __wrap___aeabi_fmul
 .text.__wrap___aeabi_ui2f
                0x1000289c        0xa CMakeFiles/Aditboard.dir/home/kali/Desktop/Mnr/pico/pico-sdk/src/rp2_common/pico_float/float_aeabi_rp2040.S.obj
                0x1000289c                uint2float
                0x1000289c                __wrap___aeabi_ui2f
 *fill*         0x100028a6        0x2 
 .text.__wrap___aeabi_i2f
                0x100028a8       0x44 CMakeFiles/Aditboard.dir/home/kali/Desktop/Mnr/pico/pico-sdk/src/rp2_common/pico_float/float_aeabi_rp2040.S.obj
                0x100028a8                int2float
                0x100028a8                __wrap___aeabi_i2f
 .text.__wrap___aeabi_f2uiz
                0x100028ec        0xc CMakeFiles/Aditboard.dir/home/kali/Desktop/Mnr/pico/pico-sdk/src/rp2_common/pico_float/float_aeabi_rp2040.S.obj
                0x100028ec                float2uint_z
                0x100028ec                __wrap___aeabi_f2uiz
 .text.__aeabi_float_init
                0x100028f8       0x64 CMakeFiles/Aditboard.dir/home/kali/Desktop/Mnr/pico/pico-sdk/src/rp2_common/pico_float/float_init_rom_rp2040.c.obj
                0x100028f8                __aeabi_float_init
 .text.float_table_shim_on_use_helper
                0x1000295c       0x2c CMakeFiles/Aditboard.dir/home/kali/Desktop/Mnr/pico/pico-sdk/src/rp2_common/pico_float/float_v1_rom_shim_rp2040.S.obj
                0x1000295c                float_table_shim_on_use_helper
 .text          0x10002988       0x10 CMakeFiles/Aditboard.dir/home/kali/Desktop/Mnr/pico/pico-sdk/src/rp2_common/pico_mem_ops/mem_ops_aeabi.S.obj
                0x10002988                __aeabi_mem_init
 .text.memset   0x10002998        0xc CMakeFiles/Aditboard.dir/home/kali/Desktop/Mnr/pico/pico-sdk/src/rp2_common/pico_mem_ops/mem_ops_aeabi.S.obj
                0x10002998                __wrap_memset
 .text.memcpy   0x100029a4        0xc CMakeFiles/Aditboard.dir/home/kali/Desktop/Mnr/pico/pico-sdk/src/rp2_common/pico_mem_ops/mem_ops_aeabi.S.obj
                0x100029a4                __wrap___aeabi_memcpy
                0x100029a4                __wrap_memcpy
 .text._out_null
                0x100029b0        0x4 CMakeFiles/Aditboard.dir/home/kali/Desktop/Mnr/pico/pico-sdk/src/rp2_common/pico_printf/printf.c.obj
 .text._out_rev
                0x100029b4       0xac CMakeFiles/Aditboard.dir/home/kali/Desktop/Mnr/pico/pico-sdk/src/rp2_common/pico_printf/printf.c.obj
 .text._ntoa_format
                0x10002a60      0x250 CMakeFiles/Aditboard.dir/home/kali/Desktop/Mnr/pico/pico-sdk/src/rp2_common/pico_printf/printf.c.obj
 .text._out_char
                0x10002cb0       0x10 CMakeFiles/Aditboard.dir/home/kali/Desktop/Mnr/pico/pico-sdk/src/rp2_common/pico_printf/printf.c.obj
 .text._out_fct
                0x10002cc0       0x10 CMakeFiles/Aditboard.dir/home/kali/Desktop/Mnr/pico/pico-sdk/src/rp2_common/pico_printf/printf.c.obj
 .text._etoa    0x10002cd0      0x464 CMakeFiles/Aditboard.dir/home/kali/Desktop/Mnr/pico/pico-sdk/src/rp2_common/pico_printf/printf.c.obj
 .text._ftoa    0x10003134      0x3c0 CMakeFiles/Aditboard.dir/home/kali/Desktop/Mnr/pico/pico-sdk/src/rp2_common/pico_printf/printf.c.obj
 .text._vsnprintf
                0x100034f4      0xbc8 CMakeFiles/Aditboard.dir/home/kali/Desktop/Mnr/pico/pico-sdk/src/rp2_common/pico_printf/printf.c.obj
 .text.vfctprintf
                0x100040bc       0x20 CMakeFiles/Aditboard.dir/home/kali/Desktop/Mnr/pico/pico-sdk/src/rp2_common/pico_printf/printf.c.obj
                0x100040bc                vfctprintf
 .text.weak_raw_vprintf
                0x100040dc       0x30 CMakeFiles/Aditboard.dir/home/kali/Desktop/Mnr/pico/pico-sdk/src/rp2_common/pico_printf/printf.c.obj
                0x100040dc                weak_raw_vprintf
 .text._exit    0x1000410c        0x4 CMakeFiles/Aditboard.dir/home/kali/Desktop/Mnr/pico/pico-sdk/src/rp2_common/pico_clib_interface/newlib_interface.c.obj
                0x1000410c                _exit
 .text.exit     0x10004110        0x8 CMakeFiles/Aditboard.dir/home/kali/Desktop/Mnr/pico/pico-sdk/src/rp2_common/pico_clib_interface/newlib_interface.c.obj
                0x10004110                exit
 .text.runtime_init
                0x10004118       0x2c CMakeFiles/Aditboard.dir/home/kali/Desktop/Mnr/pico/pico-sdk/src/rp2_common/pico_clib_interface/newlib_interface.c.obj
                0x10004118                runtime_init
 .text.stdio_out_chars_no_crlf
                0x10004144       0x10 CMakeFiles/Aditboard.dir/home/kali/Desktop/Mnr/pico/pico-sdk/src/rp2_common/pico_stdio/stdio.c.obj
 .text.stdio_out_chars_crlf
                0x10004154       0x94 CMakeFiles/Aditboard.dir/home/kali/Desktop/Mnr/pico/pico-sdk/src/rp2_common/pico_stdio/stdio.c.obj
 .text.stdio_buffered_printer
                0x100041e8       0x64 CMakeFiles/Aditboard.dir/home/kali/Desktop/Mnr/pico/pico-sdk/src/rp2_common/pico_stdio/stdio.c.obj
 .text.stdio_put_string
                0x1000424c      0x100 CMakeFiles/Aditboard.dir/home/kali/Desktop/Mnr/pico/pico-sdk/src/rp2_common/pico_stdio/stdio.c.obj
                0x1000424c                stdio_put_string
 .text.stdio_set_driver_enabled
                0x1000434c       0x30 CMakeFiles/Aditboard.dir/home/kali/Desktop/Mnr/pico/pico-sdk/src/rp2_common/pico_stdio/stdio.c.obj
                0x1000434c                stdio_set_driver_enabled
 .text.stdio_init_all
                0x1000437c       0x10 CMakeFiles/Aditboard.dir/home/kali/Desktop/Mnr/pico/pico-sdk/src/rp2_common/pico_stdio/stdio.c.obj
                0x1000437c                stdio_init_all
 .text.__wrap_putchar
                0x1000438c       0x98 CMakeFiles/Aditboard.dir/home/kali/Desktop/Mnr/pico/pico-sdk/src/rp2_common/pico_stdio/stdio.c.obj
                0x1000438c                stdio_putchar
                0x1000438c                __wrap_putchar
 .text.__wrap_puts
                0x10004424       0x3c CMakeFiles/Aditboard.dir/home/kali/Desktop/Mnr/pico/pico-sdk/src/rp2_common/pico_stdio/stdio.c.obj
                0x10004424                __wrap_puts
                0x10004424                stdio_puts
 .text.__wrap_vprintf
                0x10004460       0xd4 CMakeFiles/Aditboard.dir/home/kali/Desktop/Mnr/pico/pico-sdk/src/rp2_common/pico_stdio/stdio.c.obj
                0x10004460                __wrap_vprintf
                0x10004460                stdio_vprintf
 .text.__wrap_printf
                0x10004534       0x18 CMakeFiles/Aditboard.dir/home/kali/Desktop/Mnr/pico/pico-sdk/src/rp2_common/pico_stdio/stdio.c.obj
                0x10004534                stdio_printf
                0x10004534                __wrap_printf
 .text.stdio_uart_out_chars
                0x1000454c       0x4c CMakeFiles/Aditboard.dir/home/kali/Desktop/Mnr/pico/pico-sdk/src/rp2_common/pico_stdio_uart/stdio_uart.c.obj
 .text.stdio_uart_in_chars
                0x10004598       0x90 CMakeFiles/Aditboard.dir/home/kali/Desktop/Mnr/pico/pico-sdk/src/rp2_common/pico_stdio_uart/stdio_uart.c.obj
                0x10004598                stdio_uart_in_chars
 .text.on_uart_rx
                0x10004628       0x28 CMakeFiles/Aditboard.dir/home/kali/Desktop/Mnr/pico/pico-sdk/src/rp2_common/pico_stdio_uart/stdio_uart.c.obj
 .text.stdio_uart_out_flush
                0x10004650       0x10 CMakeFiles/Aditboard.dir/home/kali/Desktop/Mnr/pico/pico-sdk/src/rp2_common/pico_stdio_uart/stdio_uart.c.obj
 .text.stdio_uart_set_chars_available_callback
                0x10004660       0x8c CMakeFiles/Aditboard.dir/home/kali/Desktop/Mnr/pico/pico-sdk/src/rp2_common/pico_stdio_uart/stdio_uart.c.obj
 .text.stdio_uart_init
                0x100046ec       0x50 CMakeFiles/Aditboard.dir/home/kali/Desktop/Mnr/pico/pico-sdk/src/rp2_common/pico_stdio_uart/stdio_uart.c.obj
                0x100046ec                stdio_uart_init
 .text.resetd_init
                0x1000473c        0x4 CMakeFiles/Aditboard.dir/home/kali/Desktop/Mnr/pico/pico-sdk/src/rp2_common/pico_stdio_usb/reset_interface.c.obj
 .text.resetd_reset
                0x10004740        0xc CMakeFiles/Aditboard.dir/home/kali/Desktop/Mnr/pico/pico-sdk/src/rp2_common/pico_stdio_usb/reset_interface.c.obj
 .text.resetd_open
                0x1000474c       0x28 CMakeFiles/Aditboard.dir/home/kali/Desktop/Mnr/pico/pico-sdk/src/rp2_common/pico_stdio_usb/reset_interface.c.obj
 .text.resetd_xfer_cb
                0x10004774        0x4 CMakeFiles/Aditboard.dir/home/kali/Desktop/Mnr/pico/pico-sdk/src/rp2_common/pico_stdio_usb/reset_interface.c.obj
 .text.resetd_control_xfer_cb
                0x10004778       0x54 CMakeFiles/Aditboard.dir/home/kali/Desktop/Mnr/pico/pico-sdk/src/rp2_common/pico_stdio_usb/reset_interface.c.obj
 .text.tud_descriptor_bos_cb
                0x100047cc        0x8 CMakeFiles/Aditboard.dir/home/kali/Desktop/Mnr/pico/pico-sdk/src/rp2_common/pico_stdio_usb/reset_interface.c.obj
                0x100047cc                tud_descriptor_bos_cb
 .text.tud_vendor_control_xfer_cb
                0x100047d4       0x34 CMakeFiles/Aditboard.dir/home/kali/Desktop/Mnr/pico/pico-sdk/src/rp2_common/pico_stdio_usb/reset_interface.c.obj
                0x100047d4                tud_vendor_control_xfer_cb
 .text.usbd_app_driver_get_cb
                0x10004808        0xc CMakeFiles/Aditboard.dir/home/kali/Desktop/Mnr/pico/pico-sdk/src/rp2_common/pico_stdio_usb/reset_interface.c.obj
                0x10004808                usbd_app_driver_get_cb
 .text.tud_cdc_line_coding_cb
                0x10004814       0x28 CMakeFiles/Aditboard.dir/home/kali/Desktop/Mnr/pico/pico-sdk/src/rp2_common/pico_stdio_usb/reset_interface.c.obj
                0x10004814                tud_cdc_line_coding_cb
 .text.stdio_usb_set_chars_available_callback
                0x1000483c       0x14 CMakeFiles/Aditboard.dir/home/kali/Desktop/Mnr/pico/pico-sdk/src/rp2_common/pico_stdio_usb/stdio_usb.c.obj
                0x1000483c                stdio_usb_set_chars_available_callback
 .text.usb_irq  0x10004850       0x10 CMakeFiles/Aditboard.dir/home/kali/Desktop/Mnr/pico/pico-sdk/src/rp2_common/pico_stdio_usb/stdio_usb.c.obj
 .text.timer_task
                0x10004860       0x64 CMakeFiles/Aditboard.dir/home/kali/Desktop/Mnr/pico/pico-sdk/src/rp2_common/pico_stdio_usb/stdio_usb.c.obj
 .text.stdio_usb_in_chars
                0x100048c4       0x90 CMakeFiles/Aditboard.dir/home/kali/Desktop/Mnr/pico/pico-sdk/src/rp2_common/pico_stdio_usb/stdio_usb.c.obj
                0x100048c4                stdio_usb_in_chars
 .text.stdio_usb_out_flush
                0x10004954       0x50 CMakeFiles/Aditboard.dir/home/kali/Desktop/Mnr/pico/pico-sdk/src/rp2_common/pico_stdio_usb/stdio_usb.c.obj
 .text.stdio_usb_out_chars
                0x100049a4      0x104 CMakeFiles/Aditboard.dir/home/kali/Desktop/Mnr/pico/pico-sdk/src/rp2_common/pico_stdio_usb/stdio_usb.c.obj
 .text.low_priority_worker_irq
                0x10004aa8       0xcc CMakeFiles/Aditboard.dir/home/kali/Desktop/Mnr/pico/pico-sdk/src/rp2_common/pico_stdio_usb/stdio_usb.c.obj
 .text.stdio_usb_init
                0x10004b74       0xe8 CMakeFiles/Aditboard.dir/home/kali/Desktop/Mnr/pico/pico-sdk/src/rp2_common/pico_stdio_usb/stdio_usb.c.obj
                0x10004b74                stdio_usb_init
 .text.tud_descriptor_device_cb
                0x10004c5c        0x8 CMakeFiles/Aditboard.dir/home/kali/Desktop/Mnr/pico/pico-sdk/src/rp2_common/pico_stdio_usb/stdio_usb_descriptors.c.obj
                0x10004c5c                tud_descriptor_device_cb
 .text.tud_descriptor_configuration_cb
                0x10004c64        0x8 CMakeFiles/Aditboard.dir/home/kali/Desktop/Mnr/pico/pico-sdk/src/rp2_common/pico_stdio_usb/stdio_usb_descriptors.c.obj
                0x10004c64                tud_descriptor_configuration_cb
 .text.tud_descriptor_string_cb
                0x10004c6c       0x78 CMakeFiles/Aditboard.dir/home/kali/Desktop/Mnr/pico/pico-sdk/src/rp2_common/pico_stdio_usb/stdio_usb_descriptors.c.obj
                0x10004c6c                tud_descriptor_string_cb
 .text.startup._retrieve_unique_id_on_boot
                0x10004ce4       0x10 CMakeFiles/Aditboard.dir/home/kali/Desktop/Mnr/pico/pico-sdk/src/rp2_common/pico_unique_id/unique_id.c.obj
 .text.pico_get_unique_board_id_string
                0x10004cf4      0x1a8 CMakeFiles/Aditboard.dir/home/kali/Desktop/Mnr/pico/pico-sdk/src/rp2_common/pico_unique_id/unique_id.c.obj
                0x10004cf4                pico_get_unique_board_id_string
 .text.flash_get_unique_id
                0x10004e9c       0x3c CMakeFiles/Aditboard.dir/home/kali/Desktop/Mnr/pico/pico-sdk/src/rp2_common/hardware_flash/flash.c.obj
                0x10004e9c                flash_get_unique_id
 .text.dcd_init
                0x10004ed8       0x8c CMakeFiles/Aditboard.dir/home/kali/Desktop/Mnr/pico/pico-sdk/lib/tinyusb/src/portable/raspberrypi/rp2040/dcd_rp2040.c.obj
                0x10004ed8                dcd_init
 .text.dcd_int_enable
                0x10004f64        0xc CMakeFiles/Aditboard.dir/home/kali/Desktop/Mnr/pico/pico-sdk/lib/tinyusb/src/portable/raspberrypi/rp2040/dcd_rp2040.c.obj
                0x10004f64                dcd_int_enable
 .text.dcd_set_address
                0x10004f70       0x14 CMakeFiles/Aditboard.dir/home/kali/Desktop/Mnr/pico/pico-sdk/lib/tinyusb/src/portable/raspberrypi/rp2040/dcd_rp2040.c.obj
                0x10004f70                dcd_set_address
 .text.dcd_sof_enable
                0x10004f84       0x1c CMakeFiles/Aditboard.dir/home/kali/Desktop/Mnr/pico/pico-sdk/lib/tinyusb/src/portable/raspberrypi/rp2040/dcd_rp2040.c.obj
                0x10004f84                dcd_sof_enable
 .text.dcd_edpt0_status_complete
                0x10004fa0       0x1c CMakeFiles/Aditboard.dir/home/kali/Desktop/Mnr/pico/pico-sdk/lib/tinyusb/src/portable/raspberrypi/rp2040/dcd_rp2040.c.obj
                0x10004fa0                dcd_edpt0_status_complete
 .text.dcd_edpt_open
                0x10004fbc      0x108 CMakeFiles/Aditboard.dir/home/kali/Desktop/Mnr/pico/pico-sdk/lib/tinyusb/src/portable/raspberrypi/rp2040/dcd_rp2040.c.obj
                0x10004fbc                dcd_edpt_open
 .text.dcd_edpt_close_all
                0x100050c4        0x8 CMakeFiles/Aditboard.dir/home/kali/Desktop/Mnr/pico/pico-sdk/lib/tinyusb/src/portable/raspberrypi/rp2040/dcd_rp2040.c.obj
                0x100050c4                dcd_edpt_close_all
 .text.dcd_edpt_xfer
                0x100050cc       0x24 CMakeFiles/Aditboard.dir/home/kali/Desktop/Mnr/pico/pico-sdk/lib/tinyusb/src/portable/raspberrypi/rp2040/dcd_rp2040.c.obj
                0x100050cc                dcd_edpt_xfer
 .text.dcd_edpt_stall
                0x100050f0       0x34 CMakeFiles/Aditboard.dir/home/kali/Desktop/Mnr/pico/pico-sdk/lib/tinyusb/src/portable/raspberrypi/rp2040/dcd_rp2040.c.obj
                0x100050f0                dcd_edpt_stall
 .text.dcd_edpt_clear_stall
                0x10005124       0x30 CMakeFiles/Aditboard.dir/home/kali/Desktop/Mnr/pico/pico-sdk/lib/tinyusb/src/portable/raspberrypi/rp2040/dcd_rp2040.c.obj
                0x10005124                dcd_edpt_clear_stall
 .text.rp2040_usb_init
                0x10005154       0x40 CMakeFiles/Aditboard.dir/home/kali/Desktop/Mnr/pico/pico-sdk/lib/tinyusb/src/portable/raspberrypi/rp2040/rp2040_usb.c.obj
                0x10005154                rp2040_usb_init
 .text.hw_endpoint_xfer_start
                0x10005194       0x40 CMakeFiles/Aditboard.dir/home/kali/Desktop/Mnr/pico/pico-sdk/lib/tinyusb/src/portable/raspberrypi/rp2040/rp2040_usb.c.obj
                0x10005194                hw_endpoint_xfer_start
 .text.tud_event_hook_cb
                0x100051d4        0x4 CMakeFiles/Aditboard.dir/home/kali/Desktop/Mnr/pico/pico-sdk/lib/tinyusb/src/device/usbd.c.obj
                0x100051d4                tud_event_hook_cb
 .text.tud_sof_cb
                0x100051d8        0x4 CMakeFiles/Aditboard.dir/home/kali/Desktop/Mnr/pico/pico-sdk/lib/tinyusb/src/device/usbd.c.obj
                0x100051d8                tud_sof_cb
 .text.tud_descriptor_device_qualifier_cb
                0x100051dc        0x4 CMakeFiles/Aditboard.dir/home/kali/Desktop/Mnr/pico/pico-sdk/lib/tinyusb/src/device/usbd.c.obj
                0x100051dc                tud_descriptor_device_qualifier_cb
 .text.tud_descriptor_other_speed_configuration_cb
                0x100051e0        0x4 CMakeFiles/Aditboard.dir/home/kali/Desktop/Mnr/pico/pico-sdk/lib/tinyusb/src/device/usbd.c.obj
                0x100051e0                tud_descriptor_other_speed_configuration_cb
 .text.tud_mount_cb
                0x100051e4        0x4 CMakeFiles/Aditboard.dir/home/kali/Desktop/Mnr/pico/pico-sdk/lib/tinyusb/src/device/usbd.c.obj
                0x100051e4                tud_mount_cb
 .text.tud_umount_cb
                0x100051e8        0x4 CMakeFiles/Aditboard.dir/home/kali/Desktop/Mnr/pico/pico-sdk/lib/tinyusb/src/device/usbd.c.obj
                0x100051e8                tud_umount_cb
 .text.tud_suspend_cb
                0x100051ec        0x4 CMakeFiles/Aditboard.dir/home/kali/Desktop/Mnr/pico/pico-sdk/lib/tinyusb/src/device/usbd.c.obj
                0x100051ec                tud_suspend_cb
 .text.tud_resume_cb
                0x100051f0        0x4 CMakeFiles/Aditboard.dir/home/kali/Desktop/Mnr/pico/pico-sdk/lib/tinyusb/src/device/usbd.c.obj
                0x100051f0                tud_resume_cb
 .text.tud_mounted
                0x100051f4       0x10 CMakeFiles/Aditboard.dir/home/kali/Desktop/Mnr/pico/pico-sdk/lib/tinyusb/src/device/usbd.c.obj
                0x100051f4                tud_mounted
 .text.tud_suspended
                0x10005204       0x10 CMakeFiles/Aditboard.dir/home/kali/Desktop/Mnr/pico/pico-sdk/lib/tinyusb/src/device/usbd.c.obj
                0x10005204                tud_suspended
 .text.tud_init
                0x10005214       0xe4 CMakeFiles/Aditboard.dir/home/kali/Desktop/Mnr/pico/pico-sdk/lib/tinyusb/src/device/usbd.c.obj
                0x10005214                tud_init
 .text.tud_task_ext
                0x100052f8      0x800 CMakeFiles/Aditboard.dir/home/kali/Desktop/Mnr/pico/pico-sdk/lib/tinyusb/src/device/usbd.c.obj
                0x100052f8                tud_task_ext
 .text.usbd_open_edpt_pair
                0x10005af8       0x9c CMakeFiles/Aditboard.dir/home/kali/Desktop/Mnr/pico/pico-sdk/lib/tinyusb/src/device/usbd.c.obj
                0x10005af8                usbd_open_edpt_pair
 .text.usbd_edpt_open
                0x10005b94       0x34 CMakeFiles/Aditboard.dir/home/kali/Desktop/Mnr/pico/pico-sdk/lib/tinyusb/src/device/usbd.c.obj
                0x10005b94                usbd_edpt_open
 .text.usbd_edpt_claim
                0x10005bc8       0x28 CMakeFiles/Aditboard.dir/home/kali/Desktop/Mnr/pico/pico-sdk/lib/tinyusb/src/device/usbd.c.obj
                0x10005bc8                usbd_edpt_claim
 .text.usbd_edpt_release
                0x10005bf0       0x28 CMakeFiles/Aditboard.dir/home/kali/Desktop/Mnr/pico/pico-sdk/lib/tinyusb/src/device/usbd.c.obj
                0x10005bf0                usbd_edpt_release
 .text.usbd_edpt_xfer
                0x10005c18       0x4c CMakeFiles/Aditboard.dir/home/kali/Desktop/Mnr/pico/pico-sdk/lib/tinyusb/src/device/usbd.c.obj
                0x10005c18                usbd_edpt_xfer
 .text.tud_control_status
                0x10005c64       0x2c CMakeFiles/Aditboard.dir/home/kali/Desktop/Mnr/pico/pico-sdk/lib/tinyusb/src/device/usbd_control.c.obj
                0x10005c64                tud_control_status
 .text.tud_control_xfer
                0x10005c90       0xac CMakeFiles/Aditboard.dir/home/kali/Desktop/Mnr/pico/pico-sdk/lib/tinyusb/src/device/usbd_control.c.obj
                0x10005c90                tud_control_xfer
 .text.usbd_control_reset
                0x10005d3c       0x14 CMakeFiles/Aditboard.dir/home/kali/Desktop/Mnr/pico/pico-sdk/lib/tinyusb/src/device/usbd_control.c.obj
                0x10005d3c                usbd_control_reset
 .text.usbd_control_set_complete_callback
                0x10005d50        0xc CMakeFiles/Aditboard.dir/home/kali/Desktop/Mnr/pico/pico-sdk/lib/tinyusb/src/device/usbd_control.c.obj
                0x10005d50                usbd_control_set_complete_callback
 .text.usbd_control_set_request
                0x10005d5c       0x1c CMakeFiles/Aditboard.dir/home/kali/Desktop/Mnr/pico/pico-sdk/lib/tinyusb/src/device/usbd_control.c.obj
                0x10005d5c                usbd_control_set_request
 .text.usbd_control_xfer_cb
                0x10005d78       0xec CMakeFiles/Aditboard.dir/home/kali/Desktop/Mnr/pico/pico-sdk/lib/tinyusb/src/device/usbd_control.c.obj
                0x10005d78                usbd_control_xfer_cb
 .text._prep_out_transaction.isra.0
                0x10005e64       0x5c CMakeFiles/Aditboard.dir/home/kali/Desktop/Mnr/pico/pico-sdk/lib/tinyusb/src/class/cdc/cdc_device.c.obj
 .text.tud_cdc_n_connected
                0x10005ec0       0x30 CMakeFiles/Aditboard.dir/home/kali/Desktop/Mnr/pico/pico-sdk/lib/tinyusb/src/class/cdc/cdc_device.c.obj
                0x10005ec0                tud_cdc_n_connected
 .text.tud_cdc_n_available
                0x10005ef0       0x18 CMakeFiles/Aditboard.dir/home/kali/Desktop/Mnr/pico/pico-sdk/lib/tinyusb/src/class/cdc/cdc_device.c.obj
                0x10005ef0                tud_cdc_n_available
 .text.tud_cdc_n_read
                0x10005f08       0x98 CMakeFiles/Aditboard.dir/home/kali/Desktop/Mnr/pico/pico-sdk/lib/tinyusb/src/class/cdc/cdc_device.c.obj
                0x10005f08                tud_cdc_n_read
 .text.tud_cdc_n_write_flush
                0x10005fa0       0x78 CMakeFiles/Aditboard.dir/home/kali/Desktop/Mnr/pico/pico-sdk/lib/tinyusb/src/class/cdc/cdc_device.c.obj
                0x10005fa0                tud_cdc_n_write_flush
 .text.tud_cdc_n_write
                0x10006018       0x40 CMakeFiles/Aditboard.dir/home/kali/Desktop/Mnr/pico/pico-sdk/lib/tinyusb/src/class/cdc/cdc_device.c.obj
                0x10006018                tud_cdc_n_write
 .text.tud_cdc_n_write_available
                0x10006058       0x18 CMakeFiles/Aditboard.dir/home/kali/Desktop/Mnr/pico/pico-sdk/lib/tinyusb/src/class/cdc/cdc_device.c.obj
                0x10006058                tud_cdc_n_write_available
 .text.cdcd_init
                0x10006070       0x7c CMakeFiles/Aditboard.dir/home/kali/Desktop/Mnr/pico/pico-sdk/lib/tinyusb/src/class/cdc/cdc_device.c.obj
                0x10006070                cdcd_init
 .text.cdcd_deinit
                0x100060ec       0x34 CMakeFiles/Aditboard.dir/home/kali/Desktop/Mnr/pico/pico-sdk/lib/tinyusb/src/class/cdc/cdc_device.c.obj
                0x100060ec                cdcd_deinit
 .text.cdcd_reset
                0x10006120       0x4c CMakeFiles/Aditboard.dir/home/kali/Desktop/Mnr/pico/pico-sdk/lib/tinyusb/src/class/cdc/cdc_device.c.obj
                0x10006120                cdcd_reset
 .text.cdcd_open
                0x1000616c       0xb0 CMakeFiles/Aditboard.dir/home/kali/Desktop/Mnr/pico/pico-sdk/lib/tinyusb/src/class/cdc/cdc_device.c.obj
                0x1000616c                cdcd_open
 .text.cdcd_control_xfer_cb
                0x1000621c       0xe4 CMakeFiles/Aditboard.dir/home/kali/Desktop/Mnr/pico/pico-sdk/lib/tinyusb/src/class/cdc/cdc_device.c.obj
                0x1000621c                cdcd_control_xfer_cb
 .text.cdcd_xfer_cb
                0x10006300      0x100 CMakeFiles/Aditboard.dir/home/kali/Desktop/Mnr/pico/pico-sdk/lib/tinyusb/src/class/cdc/cdc_device.c.obj
                0x10006300                cdcd_xfer_cb
 .text.tud_vendor_n_write_flush
                0x10006400       0x78 CMakeFiles/Aditboard.dir/home/kali/Desktop/Mnr/pico/pico-sdk/lib/tinyusb/src/class/vendor/vendor_device.c.obj
                0x10006400                tud_vendor_n_write_flush
 .text.vendord_init
                0x10006478       0x64 CMakeFiles/Aditboard.dir/home/kali/Desktop/Mnr/pico/pico-sdk/lib/tinyusb/src/class/vendor/vendor_device.c.obj
                0x10006478                vendord_init
 .text.vendord_deinit
                0x100064dc       0x34 CMakeFiles/Aditboard.dir/home/kali/Desktop/Mnr/pico/pico-sdk/lib/tinyusb/src/class/vendor/vendor_device.c.obj
                0x100064dc                vendord_deinit
 .text.vendord_reset
                0x10006510       0x1c CMakeFiles/Aditboard.dir/home/kali/Desktop/Mnr/pico/pico-sdk/lib/tinyusb/src/class/vendor/vendor_device.c.obj
                0x10006510                vendord_reset
 .text.vendord_open
                0x1000652c       0xd8 CMakeFiles/Aditboard.dir/home/kali/Desktop/Mnr/pico/pico-sdk/lib/tinyusb/src/class/vendor/vendor_device.c.obj
                0x1000652c                vendord_open
 .text.vendord_xfer_cb
                0x10006604       0xc8 CMakeFiles/Aditboard.dir/home/kali/Desktop/Mnr/pico/pico-sdk/lib/tinyusb/src/class/vendor/vendor_device.c.obj
                0x10006604                vendord_xfer_cb
 .text.tusb_init
                0x100066cc        0xc CMakeFiles/Aditboard.dir/home/kali/Desktop/Mnr/pico/pico-sdk/lib/tinyusb/src/tusb.c.obj
                0x100066cc                tusb_init
 .text.tu_edpt_claim
                0x100066d8       0x50 CMakeFiles/Aditboard.dir/home/kali/Desktop/Mnr/pico/pico-sdk/lib/tinyusb/src/tusb.c.obj
                0x100066d8                tu_edpt_claim
 .text.tu_edpt_release
                0x10006728       0x38 CMakeFiles/Aditboard.dir/home/kali/Desktop/Mnr/pico/pico-sdk/lib/tinyusb/src/tusb.c.obj
                0x10006728                tu_edpt_release
 .text.tu_edpt_validate
                0x10006760       0x7c CMakeFiles/Aditboard.dir/home/kali/Desktop/Mnr/pico/pico-sdk/lib/tinyusb/src/tusb.c.obj
                0x10006760                tu_edpt_validate
 .text.tu_edpt_bind_driver
                0x100067dc       0x34 CMakeFiles/Aditboard.dir/home/kali/Desktop/Mnr/pico/pico-sdk/lib/tinyusb/src/tusb.c.obj
                0x100067dc                tu_edpt_bind_driver
 .text.tu_fifo_config
                0x10006810       0x6c CMakeFiles/Aditboard.dir/home/kali/Desktop/Mnr/pico/pico-sdk/lib/tinyusb/src/common/tusb_fifo.c.obj
                0x10006810                tu_fifo_config
 .text.tu_fifo_count
                0x1000687c       0x2c CMakeFiles/Aditboard.dir/home/kali/Desktop/Mnr/pico/pico-sdk/lib/tinyusb/src/common/tusb_fifo.c.obj
                0x1000687c                tu_fifo_count
 .text.tu_fifo_empty
                0x100068a8       0x10 CMakeFiles/Aditboard.dir/home/kali/Desktop/Mnr/pico/pico-sdk/lib/tinyusb/src/common/tusb_fifo.c.obj
                0x100068a8                tu_fifo_empty
 .text.tu_fifo_remaining
                0x100068b8       0x2c CMakeFiles/Aditboard.dir/home/kali/Desktop/Mnr/pico/pico-sdk/lib/tinyusb/src/common/tusb_fifo.c.obj
                0x100068b8                tu_fifo_remaining
 .text.tu_fifo_read
                0x100068e4       0x9c CMakeFiles/Aditboard.dir/home/kali/Desktop/Mnr/pico/pico-sdk/lib/tinyusb/src/common/tusb_fifo.c.obj
                0x100068e4                tu_fifo_read
 .text.tu_fifo_read_n
                0x10006980       0xe8 CMakeFiles/Aditboard.dir/home/kali/Desktop/Mnr/pico/pico-sdk/lib/tinyusb/src/common/tusb_fifo.c.obj
                0x10006980                tu_fifo_read_n
 .text.tu_fifo_write
                0x10006a68       0xa8 CMakeFiles/Aditboard.dir/home/kali/Desktop/Mnr/pico/pico-sdk/lib/tinyusb/src/common/tusb_fifo.c.obj
                0x10006a68                tu_fifo_write
 .text.tu_fifo_write_n
                0x10006b10      0x178 CMakeFiles/Aditboard.dir/home/kali/Desktop/Mnr/pico/pico-sdk/lib/tinyusb/src/common/tusb_fifo.c.obj
                0x10006b10                tu_fifo_write_n
 .text.tu_fifo_clear
                0x10006c88       0x40 CMakeFiles/Aditboard.dir/home/kali/Desktop/Mnr/pico/pico-sdk/lib/tinyusb/src/common/tusb_fifo.c.obj
                0x10006c88                tu_fifo_clear
 .text.tu_fifo_set_overwritable
                0x10006cc8       0x48 CMakeFiles/Aditboard.dir/home/kali/Desktop/Mnr/pico/pico-sdk/lib/tinyusb/src/common/tusb_fifo.c.obj
                0x10006cc8                tu_fifo_set_overwritable
 .text.pio_add_program
                0x10006d10      0x104 CMakeFiles/Aditboard.dir/home/kali/Desktop/Mnr/pico/pico-sdk/src/rp2_common/hardware_pio/pio.c.obj
                0x10006d10                pio_add_program
 .text.pio_sm_set_consecutive_pindirs
                0x10006e14       0xb4 CMakeFiles/Aditboard.dir/home/kali/Desktop/Mnr/pico/pico-sdk/src/rp2_common/hardware_pio/pio.c.obj
                0x10006e14                pio_sm_set_consecutive_pindirs
 .text.pio_sm_init
                0x10006ec8       0x98 CMakeFiles/Aditboard.dir/home/kali/Desktop/Mnr/pico/pico-sdk/src/rp2_common/hardware_pio/pio.c.obj
                0x10006ec8                pio_sm_init
 .text.core1_trampoline
                0x10006f60        0x4 CMakeFiles/Aditboard.dir/home/kali/Desktop/Mnr/pico/pico-sdk/src/rp2_common/pico_multicore/multicore.c.obj
 .text.core1_wrapper
                0x10006f64        0xc CMakeFiles/Aditboard.dir/home/kali/Desktop/Mnr/pico/pico-sdk/src/rp2_common/pico_multicore/multicore.c.obj
                0x10006f64                core1_wrapper
 .text.multicore_launch_core1_raw
                0x10006f70       0x84 CMakeFiles/Aditboard.dir/home/kali/Desktop/Mnr/pico/pico-sdk/src/rp2_common/pico_multicore/multicore.c.obj
                0x10006f70                multicore_launch_core1_raw
 .text.multicore_launch_core1
                0x10006ff4       0x58 CMakeFiles/Aditboard.dir/home/kali/Desktop/Mnr/pico/pico-sdk/src/rp2_common/pico_multicore/multicore.c.obj
                0x10006ff4                multicore_launch_core1
 .text.vPortSVCHandler
                0x1000704c        0x4 CMakeFiles/Aditboard.dir/external/FreeRTOS-Kernel/portable/ThirdParty/GCC/RP2040/port.c.obj
                0x1000704c                vPortSVCHandler
 .text.vPortStartFirstTask
                0x10007050       0x38 CMakeFiles/Aditboard.dir/external/FreeRTOS-Kernel/portable/ThirdParty/GCC/RP2040/port.c.obj
 .text.prvFIFOInterruptHandler
                0x10007088       0x2c CMakeFiles/Aditboard.dir/external/FreeRTOS-Kernel/portable/ThirdParty/GCC/RP2040/port.c.obj
 *fill*         0x100070b4        0xc 
 .text.xPortPendSVHandler
                0x100070c0       0x78 CMakeFiles/Aditboard.dir/external/FreeRTOS-Kernel/portable/ThirdParty/GCC/RP2040/port.c.obj
                0x100070c0                xPortPendSVHandler
 .text.xPortSysTickHandler
                0x10007138       0x24 CMakeFiles/Aditboard.dir/external/FreeRTOS-Kernel/portable/ThirdParty/GCC/RP2040/port.c.obj
                0x10007138                xPortSysTickHandler
 .text.prvTaskExitError
                0x1000715c        0x8 CMakeFiles/Aditboard.dir/external/FreeRTOS-Kernel/portable/ThirdParty/GCC/RP2040/port.c.obj
 .text.pxPortInitialiseStack
                0x10007164       0x20 CMakeFiles/Aditboard.dir/external/FreeRTOS-Kernel/portable/ThirdParty/GCC/RP2040/port.c.obj
                0x10007164                pxPortInitialiseStack
 .text.vPortYield
                0x10007184       0x18 CMakeFiles/Aditboard.dir/external/FreeRTOS-Kernel/portable/ThirdParty/GCC/RP2040/port.c.obj
                0x10007184                vPortYield
 .text.vPortEnableInterrupts
                0x1000719c       0x30 CMakeFiles/Aditboard.dir/external/FreeRTOS-Kernel/portable/ThirdParty/GCC/RP2040/port.c.obj
                0x1000719c                vPortEnableInterrupts
 .text.ulSetInterruptMaskFromISR
                0x100071cc        0x8 CMakeFiles/Aditboard.dir/external/FreeRTOS-Kernel/portable/ThirdParty/GCC/RP2040/port.c.obj
                0x100071cc                ulSetInterruptMaskFromISR
 .text.vClearInterruptMaskFromISR
                0x100071d4        0x8 CMakeFiles/Aditboard.dir/external/FreeRTOS-Kernel/portable/ThirdParty/GCC/RP2040/port.c.obj
                0x100071d4                vClearInterruptMaskFromISR
 .text.vYieldCore
                0x100071dc        0xc CMakeFiles/Aditboard.dir/external/FreeRTOS-Kernel/portable/ThirdParty/GCC/RP2040/port.c.obj
                0x100071dc                vYieldCore
 .text.vPortSetupTimerInterrupt
                0x100071e8       0x34 CMakeFiles/Aditboard.dir/external/FreeRTOS-Kernel/portable/ThirdParty/GCC/RP2040/port.c.obj
                0x100071e8                vPortSetupTimerInterrupt
 .text.xPortStartSchedulerOnCore.isra.0
                0x1000721c       0xa4 CMakeFiles/Aditboard.dir/external/FreeRTOS-Kernel/portable/ThirdParty/GCC/RP2040/port.c.obj
 .text.prvDisableInterruptsAndPortStartSchedulerOnCore
                0x100072c0        0x8 CMakeFiles/Aditboard.dir/external/FreeRTOS-Kernel/portable/ThirdParty/GCC/RP2040/port.c.obj
 .text.xPortStartScheduler
                0x100072c8       0x28 CMakeFiles/Aditboard.dir/external/FreeRTOS-Kernel/portable/ThirdParty/GCC/RP2040/port.c.obj
                0x100072c8                xPortStartScheduler
 .text.ulPortLockGetCurrentOwnerId
                0x100072f0       0x30 CMakeFiles/Aditboard.dir/external/FreeRTOS-Kernel/portable/ThirdParty/GCC/RP2040/port.c.obj
                0x100072f0                ulPortLockGetCurrentOwnerId
 .text.vPortLockInternalSpinUnlockWithNotify
                0x10007320       0x84 CMakeFiles/Aditboard.dir/external/FreeRTOS-Kernel/portable/ThirdParty/GCC/RP2040/port.c.obj
                0x10007320                vPortLockInternalSpinUnlockWithNotify
 .text.xPortLockInternalSpinUnlockWithBestEffortWaitOrTimeout
                0x100073a4       0xec CMakeFiles/Aditboard.dir/external/FreeRTOS-Kernel/portable/ThirdParty/GCC/RP2040/port.c.obj
                0x100073a4                xPortLockInternalSpinUnlockWithBestEffortWaitOrTimeout
 .text.startup.prvRuntimeInitializer
                0x10007490       0x10 CMakeFiles/Aditboard.dir/external/FreeRTOS-Kernel/portable/ThirdParty/GCC/RP2040/port.c.obj
 .text.vEventGroupSetBitsCallback
                0x100074a0       0x90 CMakeFiles/Aditboard.dir/external/FreeRTOS-Kernel/event_groups.c.obj
                0x100074a0                vEventGroupSetBitsCallback
 .text.xEventGroupCreate
                0x10007530       0x18 CMakeFiles/Aditboard.dir/external/FreeRTOS-Kernel/event_groups.c.obj
                0x10007530                xEventGroupCreate
 .text.xEventGroupWaitBits
                0x10007548       0xb8 CMakeFiles/Aditboard.dir/external/FreeRTOS-Kernel/event_groups.c.obj
                0x10007548                xEventGroupWaitBits
 .text.xEventGroupSetBits
                0x10007600       0x9c CMakeFiles/Aditboard.dir/external/FreeRTOS-Kernel/event_groups.c.obj
                0x10007600                xEventGroupSetBits
 .text.xEventGroupSetBitsFromISR
                0x1000769c       0x18 CMakeFiles/Aditboard.dir/external/FreeRTOS-Kernel/event_groups.c.obj
                0x1000769c                xEventGroupSetBitsFromISR
 .text.vListInitialise
                0x100076b4       0x18 CMakeFiles/Aditboard.dir/external/FreeRTOS-Kernel/list.c.obj
                0x100076b4                vListInitialise
 .text.vListInitialiseItem
                0x100076cc        0x8 CMakeFiles/Aditboard.dir/external/FreeRTOS-Kernel/list.c.obj
                0x100076cc                vListInitialiseItem
 .text.vListInsertEnd
                0x100076d4       0x18 CMakeFiles/Aditboard.dir/external/FreeRTOS-Kernel/list.c.obj
                0x100076d4                vListInsertEnd
 .text.vListInsert
                0x100076ec       0x30 CMakeFiles/Aditboard.dir/external/FreeRTOS-Kernel/list.c.obj
                0x100076ec                vListInsert
 .text.uxListRemove
                0x1000771c       0x20 CMakeFiles/Aditboard.dir/external/FreeRTOS-Kernel/list.c.obj
                0x1000771c                uxListRemove
 .text.prvUnlockQueue
                0x1000773c      0x180 CMakeFiles/Aditboard.dir/external/FreeRTOS-Kernel/queue.c.obj
 .text.prvNotifyQueueSetContainer
                0x100078bc       0x90 CMakeFiles/Aditboard.dir/external/FreeRTOS-Kernel/queue.c.obj
 .text.xQueueGenericCreate
                0x1000794c       0xa4 CMakeFiles/Aditboard.dir/external/FreeRTOS-Kernel/queue.c.obj
                0x1000794c                xQueueGenericCreate
 .text.xQueueGenericSendFromISR
                0x100079f0      0x134 CMakeFiles/Aditboard.dir/external/FreeRTOS-Kernel/queue.c.obj
                0x100079f0                xQueueGenericSendFromISR
 .text.xQueueReceive
                0x10007b24      0x11c CMakeFiles/Aditboard.dir/external/FreeRTOS-Kernel/queue.c.obj
                0x10007b24                xQueueReceive
 .text.vQueueAddToRegistry
                0x10007c40      0x118 CMakeFiles/Aditboard.dir/external/FreeRTOS-Kernel/queue.c.obj
                0x10007c40                vQueueAddToRegistry
 .text.vQueueWaitForMessageRestricted
                0x10007d58       0x48 CMakeFiles/Aditboard.dir/external/FreeRTOS-Kernel/queue.c.obj
                0x10007d58                vQueueWaitForMessageRestricted
 .text.prvPassiveIdleTask
                0x10007da0       0x20 CMakeFiles/Aditboard.dir/external/FreeRTOS-Kernel/tasks.c.obj
 .text.prvYieldForTask
                0x10007dc0       0xb4 CMakeFiles/Aditboard.dir/external/FreeRTOS-Kernel/tasks.c.obj
 .text.prvAddCurrentTaskToDelayedList
                0x10007e74      0x144 CMakeFiles/Aditboard.dir/external/FreeRTOS-Kernel/tasks.c.obj
 .text.prvCreateTask
                0x10007fb8      0x154 CMakeFiles/Aditboard.dir/external/FreeRTOS-Kernel/tasks.c.obj
 .text.xTaskIncrementTick.part.0
                0x1000810c      0x1ec CMakeFiles/Aditboard.dir/external/FreeRTOS-Kernel/tasks.c.obj
 .text.prvCheckForRunStateChange
                0x100082f8      0x14c CMakeFiles/Aditboard.dir/external/FreeRTOS-Kernel/tasks.c.obj
 .text.vTaskSuspendAll.part.0
                0x10008444       0xd0 CMakeFiles/Aditboard.dir/external/FreeRTOS-Kernel/tasks.c.obj
 .text.vTaskExitCritical.part.0
                0x10008514       0x94 CMakeFiles/Aditboard.dir/external/FreeRTOS-Kernel/tasks.c.obj
 .text.prvCheckTasksWaitingTermination
                0x100085a8      0x158 CMakeFiles/Aditboard.dir/external/FreeRTOS-Kernel/tasks.c.obj
 .text.prvIdleTask
                0x10008700       0x1c CMakeFiles/Aditboard.dir/external/FreeRTOS-Kernel/tasks.c.obj
 .text.vTaskSuspendAll
                0x1000871c       0xd0 CMakeFiles/Aditboard.dir/external/FreeRTOS-Kernel/tasks.c.obj
                0x1000871c                vTaskSuspendAll
 .text.xTaskGetTickCount
                0x100087ec        0xc CMakeFiles/Aditboard.dir/external/FreeRTOS-Kernel/tasks.c.obj
                0x100087ec                xTaskGetTickCount
 .text.uxTaskGetNumberOfTasks
                0x100087f8        0xc CMakeFiles/Aditboard.dir/external/FreeRTOS-Kernel/tasks.c.obj
                0x100087f8                uxTaskGetNumberOfTasks
 .text.xTaskIncrementTick
                0x10008804       0x24 CMakeFiles/Aditboard.dir/external/FreeRTOS-Kernel/tasks.c.obj
                0x10008804                xTaskIncrementTick
 .text.vTaskSwitchContext
                0x10008828      0x250 CMakeFiles/Aditboard.dir/external/FreeRTOS-Kernel/tasks.c.obj
                0x10008828                vTaskSwitchContext
 .text.vTaskPlaceOnEventList
                0x10008a78      0x148 CMakeFiles/Aditboard.dir/external/FreeRTOS-Kernel/tasks.c.obj
                0x10008a78                vTaskPlaceOnEventList
 .text.vTaskPlaceOnUnorderedEventList
                0x10008bc0       0x9c CMakeFiles/Aditboard.dir/external/FreeRTOS-Kernel/tasks.c.obj
                0x10008bc0                vTaskPlaceOnUnorderedEventList
 .text.vTaskPlaceOnEventListRestricted
                0x10008c5c       0x8c CMakeFiles/Aditboard.dir/external/FreeRTOS-Kernel/tasks.c.obj
                0x10008c5c                vTaskPlaceOnEventListRestricted
 .text.xTaskRemoveFromEventList
                0x10008ce8       0xcc CMakeFiles/Aditboard.dir/external/FreeRTOS-Kernel/tasks.c.obj
                0x10008ce8                xTaskRemoveFromEventList
 .text.vTaskInternalSetTimeOutState
                0x10008db4       0x18 CMakeFiles/Aditboard.dir/external/FreeRTOS-Kernel/tasks.c.obj
                0x10008db4                vTaskInternalSetTimeOutState
 .text.xTaskCheckForTimeOut
                0x10008dcc      0x188 CMakeFiles/Aditboard.dir/external/FreeRTOS-Kernel/tasks.c.obj
                0x10008dcc                xTaskCheckForTimeOut
 .text.vTaskMissedYield
                0x10008f54       0x14 CMakeFiles/Aditboard.dir/external/FreeRTOS-Kernel/tasks.c.obj
                0x10008f54                vTaskMissedYield
 .text.xTaskGetCurrentTaskHandle
                0x10008f68       0x1c CMakeFiles/Aditboard.dir/external/FreeRTOS-Kernel/tasks.c.obj
                0x10008f68                xTaskGetCurrentTaskHandle
 .text.xTaskPriorityDisinherit
                0x10008f84       0xb4 CMakeFiles/Aditboard.dir/external/FreeRTOS-Kernel/tasks.c.obj
                0x10008f84                xTaskPriorityDisinherit
 .text.vTaskYieldWithinAPI
                0x10009038       0x28 CMakeFiles/Aditboard.dir/external/FreeRTOS-Kernel/tasks.c.obj
                0x10009038                vTaskYieldWithinAPI
 .text.vTaskEnterCritical
                0x10009060       0xd4 CMakeFiles/Aditboard.dir/external/FreeRTOS-Kernel/tasks.c.obj
                0x10009060                vTaskEnterCritical
 .text.prvAddNewTaskToReadyList
                0x10009134       0xf0 CMakeFiles/Aditboard.dir/external/FreeRTOS-Kernel/tasks.c.obj
 .text.xTaskCreate
                0x10009224       0x24 CMakeFiles/Aditboard.dir/external/FreeRTOS-Kernel/tasks.c.obj
                0x10009224                xTaskCreate
 .text.vTaskStartScheduler
                0x10009248       0xb4 CMakeFiles/Aditboard.dir/external/FreeRTOS-Kernel/tasks.c.obj
                0x10009248                vTaskStartScheduler
 .text.xTaskResumeAll.part.0
                0x100092fc      0x19c CMakeFiles/Aditboard.dir/external/FreeRTOS-Kernel/tasks.c.obj
 .text.xTaskResumeAll
                0x10009498       0x18 CMakeFiles/Aditboard.dir/external/FreeRTOS-Kernel/tasks.c.obj
                0x10009498                xTaskResumeAll
 .text.vTaskDelay
                0x100094b0       0x64 CMakeFiles/Aditboard.dir/external/FreeRTOS-Kernel/tasks.c.obj
                0x100094b0                vTaskDelay
 .text.vTaskRemoveFromUnorderedEventList
                0x10009514       0x94 CMakeFiles/Aditboard.dir/external/FreeRTOS-Kernel/tasks.c.obj
                0x10009514                vTaskRemoveFromUnorderedEventList
 .text.vTaskEnterCriticalFromISR
                0x100095a8       0x7c CMakeFiles/Aditboard.dir/external/FreeRTOS-Kernel/tasks.c.obj
                0x100095a8                vTaskEnterCriticalFromISR
 .text.vTaskExitCritical
                0x10009624       0xa0 CMakeFiles/Aditboard.dir/external/FreeRTOS-Kernel/tasks.c.obj
                0x10009624                vTaskExitCritical
 .text.vTaskExitCriticalFromISR
                0x100096c4       0x64 CMakeFiles/Aditboard.dir/external/FreeRTOS-Kernel/tasks.c.obj
                0x100096c4                vTaskExitCriticalFromISR
 .text.uxTaskResetEventItemValue
                0x10009728       0x48 CMakeFiles/Aditboard.dir/external/FreeRTOS-Kernel/tasks.c.obj
                0x10009728                uxTaskResetEventItemValue
 .text.prvTimerTask
                0x10009770      0x38c CMakeFiles/Aditboard.dir/external/FreeRTOS-Kernel/timers.c.obj
 .text.xTimerCreateTimerTask
                0x10009afc       0x8c CMakeFiles/Aditboard.dir/external/FreeRTOS-Kernel/timers.c.obj
                0x10009afc                xTimerCreateTimerTask
 .text.xTimerPendFunctionCallFromISR
                0x10009b88       0x28 CMakeFiles/Aditboard.dir/external/FreeRTOS-Kernel/timers.c.obj
                0x10009b88                xTimerPendFunctionCallFromISR
 .text.exception_set_exclusive_handler
                0x10009bb0       0x48 CMakeFiles/Aditboard.dir/home/kali/Desktop/Mnr/pico/pico-sdk/src/rp2_common/hardware_exception/exception.c.obj
                0x10009bb0                exception_set_exclusive_handler
 .text.pvPortMalloc
                0x10009bf8      0x134 CMakeFiles/Aditboard.dir/external/FreeRTOS-Kernel/portable/MemMang/heap_4.c.obj
                0x10009bf8                pvPortMalloc
 .text.vPortFree
                0x10009d2c       0x98 CMakeFiles/Aditboard.dir/external/FreeRTOS-Kernel/portable/MemMang/heap_4.c.obj
                0x10009d2c                vPortFree
 .text          0x10009dc4       0x10 /usr/lib/gcc/arm-none-eabi/13.2.1/../../../arm-none-eabi/lib/thumb/v6-m/nofp/libg.a(libc_a-atexit.o)
                0x10009dc4                atexit
 .text          0x10009dd4       0x5c /usr/lib/gcc/arm-none-eabi/13.2.1/../../../arm-none-eabi/lib/thumb/v6-m/nofp/libg.a(libc_a-strlen-stub.o)
                0x10009dd4                strlen
 .text          0x10009e30       0x28 /usr/lib/gcc/arm-none-eabi/13.2.1/../../../arm-none-eabi/lib/thumb/v6-m/nofp/libg.a(libc_a-fini.o)
                0x10009e30                __libc_fini_array
 .text          0x10009e58       0x78 /usr/lib/gcc/arm-none-eabi/13.2.1/../../../arm-none-eabi/lib/thumb/v6-m/nofp/libg.a(libc_a-__atexit.o)
                0x10009e58                __register_exitproc
 .text.startup  0x10009ed0       0x18 /usr/lib/gcc/arm-none-eabi/13.2.1/../../../arm-none-eabi/lib/thumb/v6-m/nofp/libg.a(libc_a-__call_atexit.o)
 *(.fini)
 .fini          0x10009ee8        0x4 /usr/lib/gcc/arm-none-eabi/13.2.1/thumb/v6-m/nofp/crti.o
                0x10009ee8                _fini
 *fill*         0x10009eec        0x4 
 .fini.__stub   0x10009ef0       0xc0 linker stubs
 *crtbegin.o(.ctors)
 *crtbegin?.o(.ctors)
 *(EXCLUDE_FILE(*crtend.o *crtend?.o) .ctors)
 *(SORT_BY_NAME(.ctors.*))
 *(.ctors)
 *crtbegin.o(.dtors)
 *crtbegin?.o(.dtors)
 *(EXCLUDE_FILE(*crtend.o *crtend?.o) .dtors)
 *(SORT_BY_NAME(.dtors.*))
 *(.dtors)
                0x10009fb0                        . = ALIGN (0x4)
                0x10009fb0                        PROVIDE (__preinit_array_start = .)
 *(SORT_BY_NAME(.preinit_array.*))
 .preinit_array.00100
                0x10009fb0        0x4 CMakeFiles/Aditboard.dir/home/kali/Desktop/Mnr/pico/pico-sdk/src/rp2_common/pico_runtime_init/runtime_init.c.obj
                0x10009fb0                __pre_init_runtime_init_early_resets
 .preinit_array.00101
                0x10009fb4        0x4 CMakeFiles/Aditboard.dir/home/kali/Desktop/Mnr/pico/pico-sdk/src/rp2_common/pico_runtime_init/runtime_init.c.obj
                0x10009fb4                __pre_init_runtime_init_usb_power_down
 .preinit_array.00275
                0x10009fb8        0x4 CMakeFiles/Aditboard.dir/home/kali/Desktop/Mnr/pico/pico-sdk/src/rp2_common/pico_bit_ops/bit_ops_aeabi.S.obj
 .preinit_array.00300
                0x10009fbc        0x4 CMakeFiles/Aditboard.dir/home/kali/Desktop/Mnr/pico/pico-sdk/src/rp2_common/pico_mem_ops/mem_ops_aeabi.S.obj
 .preinit_array.00350
                0x10009fc0        0x4 CMakeFiles/Aditboard.dir/home/kali/Desktop/Mnr/pico/pico-sdk/src/rp2_common/pico_double/double_aeabi_rp2040.S.obj
 .preinit_array.00350
                0x10009fc4        0x4 CMakeFiles/Aditboard.dir/home/kali/Desktop/Mnr/pico/pico-sdk/src/rp2_common/pico_float/float_aeabi_rp2040.S.obj
 .preinit_array.00500
                0x10009fc8        0x4 CMakeFiles/Aditboard.dir/home/kali/Desktop/Mnr/pico/pico-sdk/src/rp2_common/pico_runtime_init/runtime_init.c.obj
                0x10009fc8                __pre_init_runtime_init_clocks
 .preinit_array.00600
                0x10009fcc        0x4 CMakeFiles/Aditboard.dir/home/kali/Desktop/Mnr/pico/pico-sdk/src/rp2_common/pico_runtime_init/runtime_init.c.obj
                0x10009fcc                __pre_init_runtime_init_post_clock_resets
 .preinit_array.00700
                0x10009fd0        0x4 CMakeFiles/Aditboard.dir/home/kali/Desktop/Mnr/pico/pico-sdk/src/rp2_common/pico_runtime_init/runtime_init.c.obj
                0x10009fd0                __pre_init_runtime_init_rp2040_gpio_ie_disable
 .preinit_array.01000
                0x10009fd4        0x4 CMakeFiles/Aditboard.dir/home/kali/Desktop/Mnr/pico/pico-sdk/src/rp2_common/pico_runtime_init/runtime_init.c.obj
                0x10009fd4                __pre_init_runtime_init_spin_locks_reset
 .preinit_array.01100
                0x10009fd8        0x4 CMakeFiles/Aditboard.dir/home/kali/Desktop/Mnr/pico/pico-sdk/src/common/pico_sync/mutex.c.obj
                0x10009fd8                __pre_init_runtime_init_mutex
 .preinit_array.10080
                0x10009fdc        0x4 CMakeFiles/Aditboard.dir/home/kali/Desktop/Mnr/pico/pico-sdk/src/rp2_common/pico_runtime_init/runtime_init.c.obj
                0x10009fdc                __pre_init_runtime_init_install_ram_vector_table
 .preinit_array.11000
                0x10009fe0        0x4 CMakeFiles/Aditboard.dir/home/kali/Desktop/Mnr/pico/pico-sdk/src/common/pico_time/time.c.obj
                0x10009fe0                __pre_init_runtime_init_default_alarm_pool
 .preinit_array.YYYYY
                0x10009fe4        0x4 CMakeFiles/Aditboard.dir/home/kali/Desktop/Mnr/pico/pico-sdk/src/rp2_common/pico_runtime/runtime.c.obj
                0x10009fe4                __pre_init_first_per_core_initializer
 .preinit_array.ZZZZZ.01200
                0x10009fe8        0x4 CMakeFiles/Aditboard.dir/home/kali/Desktop/Mnr/pico/pico-sdk/src/rp2_common/hardware_irq/irq.c.obj
                0x10009fe8                __pre_init_runtime_init_per_core_irq_priorities
 *(.preinit_array)
                0x10009fec                        PROVIDE (__preinit_array_end = .)
                0x10009fec                        . = ALIGN (0x4)
                0x10009fec                        PROVIDE (__init_array_start = .)
 *(SORT_BY_NAME(.init_array.*))
 .init_array.00000
                0x10009fec        0x4 /usr/lib/gcc/arm-none-eabi/13.2.1/../../../arm-none-eabi/lib/thumb/v6-m/nofp/libg.a(libc_a-__call_atexit.o)
 *(.init_array)
 .init_array    0x10009ff0        0x4 /usr/lib/gcc/arm-none-eabi/13.2.1/thumb/v6-m/nofp/crtbegin.o
 .init_array    0x10009ff4        0x4 CMakeFiles/Aditboard.dir/home/kali/Desktop/Mnr/pico/pico-sdk/src/rp2_common/pico_unique_id/unique_id.c.obj
 .init_array    0x10009ff8        0x4 CMakeFiles/Aditboard.dir/external/FreeRTOS-Kernel/portable/ThirdParty/GCC/RP2040/port.c.obj
                0x10009ffc                        PROVIDE (__init_array_end = .)
                0x10009ffc                        . = ALIGN (0x4)
                0x10009ffc                        PROVIDE (__fini_array_start = .)
 *(SORT_BY_NAME(.fini_array.*))
 *(.fini_array)
                0x10009ffc                        PROVIDE (__fini_array_end = .)
 *(.eh_frame*)
 .eh_frame      0x10009ffc        0x0 /usr/lib/gcc/arm-none-eabi/13.2.1/thumb/v6-m/nofp/crtbegin.o
                0x10009ffc                        . = ALIGN (0x4)

.glue_7         0x10009ffc        0x0
 .glue_7        0x10009ffc        0x0 linker stubs

.glue_7t        0x10009ffc        0x0
 .glue_7t       0x10009ffc        0x0 linker stubs

.vfp11_veneer   0x10009ffc        0x0
 .vfp11_veneer  0x10009ffc        0x0 linker stubs

.v4_bx          0x10009ffc        0x0
 .v4_bx         0x10009ffc        0x0 linker stubs

.iplt           0x10009ffc        0x0
 .iplt          0x10009ffc        0x0 /usr/lib/gcc/arm-none-eabi/13.2.1/thumb/v6-m/nofp/crtbegin.o

.rodata         0x1000a000      0x734
 *(EXCLUDE_FILE(*libm.a: *libc.a:*lib_a-mem*.o *libgcc.a:) .rodata*)
 .rodata.AsyncSerial_Task.str1.4
                0x1000a000      0x234 CMakeFiles/Aditboard.dir/src/main.c.obj
                                  0x4 (size before relaxing)
 .rodata.vApplicationStackOverflowHook.str1.4
                0x1000a234       0x1a CMakeFiles/Aditboard.dir/src/main.c.obj
 .rodata.vApplicationMallocFailedHook.str1.4
                0x1000a234        0xe CMakeFiles/Aditboard.dir/src/main.c.obj
 .rodata.main.str1.4
                0x1000a234       0x36 CMakeFiles/Aditboard.dir/src/main.c.obj
 .rodata.uart_rx_program
                0x1000a234        0x8 CMakeFiles/Aditboard.dir/src/main.c.obj
 .rodata.uart_rx_program_instructions
                0x1000a23c       0x12 CMakeFiles/Aditboard.dir/src/main.c.obj
 .rodata.panic.str1.4
                0x1000a24e       0x12 CMakeFiles/Aditboard.dir/home/kali/Desktop/Mnr/pico/pico-sdk/src/rp2_common/pico_platform_panic/panic.c.obj
 .rodata.panic_unsupported.str1.4
                0x1000a24e        0xe CMakeFiles/Aditboard.dir/home/kali/Desktop/Mnr/pico/pico-sdk/src/rp2_common/pico_platform_panic/panic.c.obj
 .rodata.spin_lock_claim.str1.4
                0x1000a24e       0x1f CMakeFiles/Aditboard.dir/home/kali/Desktop/Mnr/pico/pico-sdk/src/rp2_common/hardware_sync/sync.c.obj
 .rodata.spin_lock_claim_unused.str1.4
                0x1000a24e       0x1b CMakeFiles/Aditboard.dir/home/kali/Desktop/Mnr/pico/pico-sdk/src/rp2_common/hardware_sync/sync.c.obj
 .rodata.user_irq_claim_unused.str1.4
                0x1000a24e       0x1b CMakeFiles/Aditboard.dir/home/kali/Desktop/Mnr/pico/pico-sdk/src/rp2_common/hardware_irq/irq.c.obj
 .rodata.timer_hardware_alarm_claim.str1.4
                0x1000a24e       0x22 CMakeFiles/Aditboard.dir/home/kali/Desktop/Mnr/pico/pico-sdk/src/rp2_common/hardware_timer/timer.c.obj
 .rodata.hard_assertion_failure.str1.4
                0x1000a24e        0xc CMakeFiles/Aditboard.dir/home/kali/Desktop/Mnr/pico/pico-sdk/src/rp2_common/pico_runtime/runtime.c.obj
 .rodata.str1.4
                0x1000a24e       0x30 CMakeFiles/Aditboard.dir/home/kali/Desktop/Mnr/pico/pico-sdk/src/rp2_common/pico_standard_binary_info/standard_binary_info.c.obj
 *fill*         0x1000a24e        0x2 
 .rodata.__bi_84
                0x1000a250        0xc CMakeFiles/Aditboard.dir/home/kali/Desktop/Mnr/pico/pico-sdk/src/rp2_common/pico_standard_binary_info/standard_binary_info.c.obj
 .rodata.__bi_54
                0x1000a25c        0xc CMakeFiles/Aditboard.dir/home/kali/Desktop/Mnr/pico/pico-sdk/src/rp2_common/pico_standard_binary_info/standard_binary_info.c.obj
 .rodata.__bi_48
                0x1000a268        0xc CMakeFiles/Aditboard.dir/home/kali/Desktop/Mnr/pico/pico-sdk/src/rp2_common/pico_standard_binary_info/standard_binary_info.c.obj
 .rodata.__bi_42
                0x1000a274        0xc CMakeFiles/Aditboard.dir/home/kali/Desktop/Mnr/pico/pico-sdk/src/rp2_common/pico_standard_binary_info/standard_binary_info.c.obj
 .rodata.__bi_34
                0x1000a280        0xc CMakeFiles/Aditboard.dir/home/kali/Desktop/Mnr/pico/pico-sdk/src/rp2_common/pico_standard_binary_info/standard_binary_info.c.obj
 .rodata.__bi_26
                0x1000a28c        0xc CMakeFiles/Aditboard.dir/home/kali/Desktop/Mnr/pico/pico-sdk/src/rp2_common/pico_standard_binary_info/standard_binary_info.c.obj
 .rodata._ftoa.str1.4
                0x1000a298       0x15 CMakeFiles/Aditboard.dir/home/kali/Desktop/Mnr/pico/pico-sdk/src/rp2_common/pico_printf/printf.c.obj
 .rodata._vsnprintf
                0x1000a298      0x19c CMakeFiles/Aditboard.dir/home/kali/Desktop/Mnr/pico/pico-sdk/src/rp2_common/pico_printf/printf.c.obj
 *fill*         0x1000a434        0x4 
 .rodata.pow10.0
                0x1000a438       0x50 CMakeFiles/Aditboard.dir/home/kali/Desktop/Mnr/pico/pico-sdk/src/rp2_common/pico_printf/printf.c.obj
 .rodata.crlf_str.0
                0x1000a488        0x2 CMakeFiles/Aditboard.dir/home/kali/Desktop/Mnr/pico/pico-sdk/src/rp2_common/pico_stdio/stdio.c.obj
 .rodata.str1.4
                0x1000a48a       0x2c CMakeFiles/Aditboard.dir/home/kali/Desktop/Mnr/pico/pico-sdk/src/rp2_common/pico_stdio_uart/stdio_uart.c.obj
 *fill*         0x1000a48a        0x2 
 .rodata.__bi_45.4
                0x1000a48c        0xc CMakeFiles/Aditboard.dir/home/kali/Desktop/Mnr/pico/pico-sdk/src/rp2_common/pico_stdio_uart/stdio_uart.c.obj
 .rodata.__bi_49.5
                0x1000a498        0x8 CMakeFiles/Aditboard.dir/home/kali/Desktop/Mnr/pico/pico-sdk/src/rp2_common/pico_stdio_uart/stdio_uart.c.obj
 .rodata.__bi_50.6
                0x1000a4a0        0x8 CMakeFiles/Aditboard.dir/home/kali/Desktop/Mnr/pico/pico-sdk/src/rp2_common/pico_stdio_uart/stdio_uart.c.obj
 .rodata._resetd_driver
                0x1000a4a8       0x20 CMakeFiles/Aditboard.dir/home/kali/Desktop/Mnr/pico/pico-sdk/src/rp2_common/pico_stdio_usb/reset_interface.c.obj
 .rodata.desc_ms_os_20
                0x1000a4c8       0xa6 CMakeFiles/Aditboard.dir/home/kali/Desktop/Mnr/pico/pico-sdk/src/rp2_common/pico_stdio_usb/reset_interface.c.obj
 *fill*         0x1000a56e        0x2 
 .rodata.desc_bos
                0x1000a570       0x21 CMakeFiles/Aditboard.dir/home/kali/Desktop/Mnr/pico/pico-sdk/src/rp2_common/pico_stdio_usb/reset_interface.c.obj
                0x1000a570                desc_bos
 .rodata.str1.4
                0x1000a591       0x13 CMakeFiles/Aditboard.dir/home/kali/Desktop/Mnr/pico/pico-sdk/src/rp2_common/pico_stdio_usb/stdio_usb.c.obj
 *fill*         0x1000a591        0x3 
 .rodata.__bi_197.0
                0x1000a594        0xc CMakeFiles/Aditboard.dir/home/kali/Desktop/Mnr/pico/pico-sdk/src/rp2_common/pico_stdio_usb/stdio_usb.c.obj
 .rodata.str1.4
                0x1000a5a0       0x2a CMakeFiles/Aditboard.dir/home/kali/Desktop/Mnr/pico/pico-sdk/src/rp2_common/pico_stdio_usb/stdio_usb_descriptors.c.obj
 .rodata.usbd_desc_str
                0x1000a5a0       0x18 CMakeFiles/Aditboard.dir/home/kali/Desktop/Mnr/pico/pico-sdk/src/rp2_common/pico_stdio_usb/stdio_usb_descriptors.c.obj
 .rodata.usbd_desc_cfg
                0x1000a5b8       0x54 CMakeFiles/Aditboard.dir/home/kali/Desktop/Mnr/pico/pico-sdk/src/rp2_common/pico_stdio_usb/stdio_usb_descriptors.c.obj
 .rodata.usbd_desc_device
                0x1000a60c       0x12 CMakeFiles/Aditboard.dir/home/kali/Desktop/Mnr/pico/pico-sdk/src/rp2_common/pico_stdio_usb/stdio_usb_descriptors.c.obj
 .rodata.str1.4
                0x1000a61e       0x14 CMakeFiles/Aditboard.dir/home/kali/Desktop/Mnr/pico/pico-sdk/lib/tinyusb/src/portable/raspberrypi/rp2040/dcd_rp2040.c.obj
 .rodata.str1.4
                0x1000a61e       0x48 CMakeFiles/Aditboard.dir/home/kali/Desktop/Mnr/pico/pico-sdk/lib/tinyusb/src/portable/raspberrypi/rp2040/rp2040_usb.c.obj
 *fill*         0x1000a61e        0x2 
 .rodata.tud_task_ext
                0x1000a620       0x8c CMakeFiles/Aditboard.dir/home/kali/Desktop/Mnr/pico/pico-sdk/lib/tinyusb/src/device/usbd.c.obj
 .rodata        0x1000a6ac       0x1c CMakeFiles/Aditboard.dir/home/kali/Desktop/Mnr/pico/pico-sdk/lib/tinyusb/src/device/usbd.c.obj
 .rodata._usbd_driver
                0x1000a6c8       0x40 CMakeFiles/Aditboard.dir/home/kali/Desktop/Mnr/pico/pico-sdk/lib/tinyusb/src/device/usbd.c.obj
 .rodata.uxTopUsedPriority
                0x1000a708        0x4 CMakeFiles/Aditboard.dir/external/FreeRTOS-Kernel/tasks.c.obj
 .rodata.prvTimerTask
                0x1000a70c       0x28 CMakeFiles/Aditboard.dir/external/FreeRTOS-Kernel/timers.c.obj
 .rodata.xTimerCreateTimerTask.str1.4
                0x1000a734       0x10 CMakeFiles/Aditboard.dir/external/FreeRTOS-Kernel/timers.c.obj
                0x1000a744                        . = ALIGN (0x4)
 *(SORT_BY_ALIGNMENT(SORT_BY_NAME(.flashdata*)))
                0x1000a744                        . = ALIGN (0x4)

.ARM.extab
 *(.ARM.extab* .gnu.linkonce.armextab.*)
                0x1000a734                        __exidx_start = .

.ARM.exidx
 *(.ARM.exidx* .gnu.linkonce.armexidx.*)
                0x1000a734                        __exidx_end = .
                0x1000a744                        . = ALIGN (0x4)
                0x1000a734                        __binary_info_start = .

.binary_info    0x1000a734       0x28
 *(.binary_info.keep.*)
 .binary_info.keep.__bi_ptr84
                0x1000a734        0x4 CMakeFiles/Aditboard.dir/home/kali/Desktop/Mnr/pico/pico-sdk/src/rp2_common/pico_standard_binary_info/standard_binary_info.c.obj
 .binary_info.keep.__bi_ptr54
                0x1000a738        0x4 CMakeFiles/Aditboard.dir/home/kali/Desktop/Mnr/pico/pico-sdk/src/rp2_common/pico_standard_binary_info/standard_binary_info.c.obj
 .binary_info.keep.__bi_ptr48
                0x1000a73c        0x4 CMakeFiles/Aditboard.dir/home/kali/Desktop/Mnr/pico/pico-sdk/src/rp2_common/pico_standard_binary_info/standard_binary_info.c.obj
 .binary_info.keep.__bi_ptr42
                0x1000a740        0x4 CMakeFiles/Aditboard.dir/home/kali/Desktop/Mnr/pico/pico-sdk/src/rp2_common/pico_standard_binary_info/standard_binary_info.c.obj
 .binary_info.keep.__bi_ptr34
                0x1000a744        0x4 CMakeFiles/Aditboard.dir/home/kali/Desktop/Mnr/pico/pico-sdk/src/rp2_common/pico_standard_binary_info/standard_binary_info.c.obj
 .binary_info.keep.__bi_ptr26
                0x1000a748        0x4 CMakeFiles/Aditboard.dir/home/kali/Desktop/Mnr/pico/pico-sdk/src/rp2_common/pico_standard_binary_info/standard_binary_info.c.obj
 *(.binary_info.*)
 .binary_info.__bi_ptr50
                0x1000a74c        0x4 CMakeFiles/Aditboard.dir/home/kali/Desktop/Mnr/pico/pico-sdk/src/rp2_common/pico_stdio_uart/stdio_uart.c.obj
 .binary_info.__bi_ptr49
                0x1000a750        0x4 CMakeFiles/Aditboard.dir/home/kali/Desktop/Mnr/pico/pico-sdk/src/rp2_common/pico_stdio_uart/stdio_uart.c.obj
 .binary_info.__bi_ptr45
                0x1000a754        0x4 CMakeFiles/Aditboard.dir/home/kali/Desktop/Mnr/pico/pico-sdk/src/rp2_common/pico_stdio_uart/stdio_uart.c.obj
 .binary_info.__bi_ptr197
                0x1000a758        0x4 CMakeFiles/Aditboard.dir/home/kali/Desktop/Mnr/pico/pico-sdk/src/rp2_common/pico_stdio_usb/stdio_usb.c.obj
                0x1000a75c                        __binary_info_end = .

.rel.dyn        0x1000a75c        0x0
 .rel.iplt      0x1000a75c        0x0 /usr/lib/gcc/arm-none-eabi/13.2.1/thumb/v6-m/nofp/crtbegin.o
                0x1000a75c                        . = ALIGN (0x4)

.ram_vector_table
                0x20000000       0xc0
 *(.ram_vector_table)
 .ram_vector_table
                0x20000000       0xc0 CMakeFiles/Aditboard.dir/home/kali/Desktop/Mnr/pico/pico-sdk/src/rp2_common/pico_runtime_init/runtime_init.c.obj
                0x20000000                ram_vector_table

.uninitialized_data
                0x200000c0        0x0
                0x200000c0                        . = ALIGN (0x4)
 *(.uninitialized_data*)

.data           0x200000c0      0xfc0 load address 0x1000a75c
                0x200000c0                        __data_start__ = .
 *(vtable)
 *(.time_critical*)
 .time_critical.mutex_try_enter
                0x200000c0       0x40 CMakeFiles/Aditboard.dir/home/kali/Desktop/Mnr/pico/pico-sdk/src/common/pico_sync/mutex.c.obj
                0x200000c0                mutex_try_enter
 .time_critical.mutex_try_enter_block_until
                0x20000100       0xa0 CMakeFiles/Aditboard.dir/home/kali/Desktop/Mnr/pico/pico-sdk/src/common/pico_sync/mutex.c.obj
                0x20000100                mutex_try_enter_block_until
 .time_critical.mutex_enter_timeout_ms
                0x200001a0       0x78 CMakeFiles/Aditboard.dir/home/kali/Desktop/Mnr/pico/pico-sdk/src/common/pico_sync/mutex.c.obj
                0x200001a0                mutex_enter_timeout_ms
 .time_critical.mutex_exit
                0x20000218       0x20 CMakeFiles/Aditboard.dir/home/kali/Desktop/Mnr/pico/pico-sdk/src/common/pico_sync/mutex.c.obj
                0x20000218                mutex_exit
 .time_critical.flash_init_boot2_copyout
                0x20000238       0x30 CMakeFiles/Aditboard.dir/home/kali/Desktop/Mnr/pico/pico-sdk/src/rp2_common/hardware_flash/flash.c.obj
 .time_critical.flash_enable_xip_via_boot2
                0x20000268        0xc CMakeFiles/Aditboard.dir/home/kali/Desktop/Mnr/pico/pico-sdk/src/rp2_common/hardware_flash/flash.c.obj
 .time_critical.flash_cs_force
                0x20000274       0x38 CMakeFiles/Aditboard.dir/home/kali/Desktop/Mnr/pico/pico-sdk/src/rp2_common/hardware_flash/flash.c.obj
 .time_critical.flash_do_cmd
                0x200002ac       0xc0 CMakeFiles/Aditboard.dir/home/kali/Desktop/Mnr/pico/pico-sdk/src/rp2_common/hardware_flash/flash.c.obj
                0x200002ac                flash_do_cmd
 .time_critical.reset_non_control_endpoints
                0x2000036c       0x68 CMakeFiles/Aditboard.dir/home/kali/Desktop/Mnr/pico/pico-sdk/lib/tinyusb/src/portable/raspberrypi/rp2040/dcd_rp2040.c.obj
 .time_critical.hw_handle_buff_status
                0x200003d4       0xb0 CMakeFiles/Aditboard.dir/home/kali/Desktop/Mnr/pico/pico-sdk/lib/tinyusb/src/portable/raspberrypi/rp2040/dcd_rp2040.c.obj
 .time_critical.dcd_rp2040_irq
                0x20000484      0x578 CMakeFiles/Aditboard.dir/home/kali/Desktop/Mnr/pico/pico-sdk/lib/tinyusb/src/portable/raspberrypi/rp2040/dcd_rp2040.c.obj
 .time_critical.prepare_ep_buffer
                0x200009fc       0xe0 CMakeFiles/Aditboard.dir/home/kali/Desktop/Mnr/pico/pico-sdk/lib/tinyusb/src/portable/raspberrypi/rp2040/rp2040_usb.c.obj
 .time_critical.sync_ep_buffer
                0x20000adc       0xa8 CMakeFiles/Aditboard.dir/home/kali/Desktop/Mnr/pico/pico-sdk/lib/tinyusb/src/portable/raspberrypi/rp2040/rp2040_usb.c.obj
 .time_critical._hw_endpoint_xfer_sync
                0x20000b84       0x28 CMakeFiles/Aditboard.dir/home/kali/Desktop/Mnr/pico/pico-sdk/lib/tinyusb/src/portable/raspberrypi/rp2040/rp2040_usb.c.obj
 .time_critical.e15_is_bulkin_ep
                0x20000bac       0x28 CMakeFiles/Aditboard.dir/home/kali/Desktop/Mnr/pico/pico-sdk/lib/tinyusb/src/portable/raspberrypi/rp2040/rp2040_usb.c.obj
 .time_critical.e15_is_critical_frame_period
                0x20000bd4       0x34 CMakeFiles/Aditboard.dir/home/kali/Desktop/Mnr/pico/pico-sdk/lib/tinyusb/src/portable/raspberrypi/rp2040/rp2040_usb.c.obj
 .time_critical.hw_endpoint_reset_transfer
                0x20000c08        0xc CMakeFiles/Aditboard.dir/home/kali/Desktop/Mnr/pico/pico-sdk/lib/tinyusb/src/portable/raspberrypi/rp2040/rp2040_usb.c.obj
                0x20000c08                hw_endpoint_reset_transfer
 .time_critical._hw_endpoint_buffer_control_update32
                0x20000c14       0x50 CMakeFiles/Aditboard.dir/home/kali/Desktop/Mnr/pico/pico-sdk/lib/tinyusb/src/portable/raspberrypi/rp2040/rp2040_usb.c.obj
                0x20000c14                _hw_endpoint_buffer_control_update32
 .time_critical.hw_endpoint_start_next_buffer
                0x20000c64       0x6c CMakeFiles/Aditboard.dir/home/kali/Desktop/Mnr/pico/pico-sdk/lib/tinyusb/src/portable/raspberrypi/rp2040/rp2040_usb.c.obj
                0x20000c64                hw_endpoint_start_next_buffer
 .time_critical.hw_endpoint_xfer_continue
                0x20000cd0       0x40 CMakeFiles/Aditboard.dir/home/kali/Desktop/Mnr/pico/pico-sdk/lib/tinyusb/src/portable/raspberrypi/rp2040/rp2040_usb.c.obj
                0x20000cd0                hw_endpoint_xfer_continue